###############################################################################
#
# IAR ELF Linker V9.20.4.327/W64 for ARM                  31/Mar/2022  08:47:46
# Copyright 2007-2022 IAR Systems AB.
#
#    Output file  =
#        C:\Users\denni\Desktop\fastcal\code\working\Confidential\Project\EWARM\UserProject\STM32100B-EVAL\Exe\STM32F10x_UserProject.out
#    Map file     =
#        C:\Users\denni\Desktop\fastcal\code\working\Confidential\Project\EWARM\UserProject\STM32100B-EVAL\List\STM32F10x_UserProject.map
#    Command line =
#        -f
#        C:\Users\denni\Desktop\fastcal\code\working\Confidential\Project\EWARM\UserProject\STM32100B-EVAL\Exe\STM32F10x_UserProject.out.rsp
#        (C:\Users\denni\Desktop\fastcal\code\working\Confidential\Project\EWARM\UserProject\STM32100B-EVAL\Obj\Application\appMotorRamp.o
#        C:\Users\denni\Desktop\fastcal\code\working\Confidential\Project\EWARM\UserProject\STM32100B-EVAL\Obj\Application\appProductionInfo.o
#        C:\Users\denni\Desktop\fastcal\code\working\Confidential\Project\EWARM\UserProject\STM32100B-EVAL\Obj\Application\appTestSupport.o
#        C:\Users\denni\Desktop\fastcal\code\working\Confidential\Project\EWARM\UserProject\STM32100B-EVAL\Obj\Application\beep.o
#        C:\Users\denni\Desktop\fastcal\code\working\Confidential\Project\EWARM\UserProject\STM32100B-EVAL\Obj\CM2Module\CM2CoreSource.o
#        C:\Users\denni\Desktop\fastcal\code\working\Confidential\Project\EWARM\UserProject\STM32100B-EVAL\Obj\CM2Module\CM2CoreTypesSource.o
#        C:\Users\denni\Desktop\fastcal\code\working\Confidential\Project\EWARM\UserProject\STM32100B-EVAL\Obj\CM2Module\CM2FirmwareUpdateSource.o
#        C:\Users\denni\Desktop\fastcal\code\working\Confidential\Project\EWARM\UserProject\STM32100B-EVAL\Obj\CM2Module\CM2PairingTableModeSource.o
#        C:\Users\denni\Desktop\fastcal\code\working\Confidential\Project\EWARM\UserProject\STM32100B-EVAL\Obj\CM2Module\CM2PortsSource.o
#        C:\Users\denni\Desktop\fastcal\code\working\Confidential\Project\EWARM\UserProject\STM32100B-EVAL\Obj\CM2Module\CM2RangeTestSource.o
#        C:\Users\denni\Desktop\fastcal\code\working\Confidential\Project\EWARM\UserProject\STM32100B-EVAL\Obj\CM2Module\CM2RoutingSource.o
#        C:\Users\denni\Desktop\fastcal\code\working\Confidential\Project\EWARM\UserProject\STM32100B-EVAL\Obj\CM2Module\CM2SecuritySource.o
#        C:\Users\denni\Desktop\fastcal\code\working\Confidential\Project\EWARM\UserProject\STM32100B-EVAL\Obj\CommonModule\CommonUISource.o
#        C:\Users\denni\Desktop\fastcal\code\working\Confidential\Project\EWARM\UserProject\STM32100B-EVAL\Obj\Application\config.o
#        "C:\Users\denni\Desktop\fastcal\code\working\Confidential\Project\EWARM\UserProject\STM32100B-EVAL\Obj\Std
#        project template\CMSIS\core_cm3.o"
#        "C:\Users\denni\Desktop\fastcal\code\working\Confidential\Project\EWARM\UserProject\STM32100B-EVAL\Obj\User
#        interface\UI Library\src\DAC_UserInterfaceClass.o"
#        "C:\Users\denni\Desktop\fastcal\code\working\Confidential\Project\EWARM\UserProject\STM32100B-EVAL\Obj\User
#        interface\UI Library\src\DACRCTIMER_UserInterfaceClass.o"
#        "C:\Users\denni\Desktop\fastcal\code\working\Confidential\Project\EWARM\UserProject\STM32100B-EVAL\Obj\User
#        interface\UI Library\src\DACSPI_UserInterfaceClass.o"
#        "C:\Users\denni\Desktop\fastcal\code\working\Confidential\Project\EWARM\UserProject\STM32100B-EVAL\Obj\User
#        interface\UI Library\src\DACSPIAD7303_UserInterfaceClass.o"
#        C:\Users\denni\Desktop\fastcal\code\working\Confidential\Project\EWARM\UserProject\STM32100B-EVAL\Obj\Application\driverButtonPsuedo.o
#        C:\Users\denni\Desktop\fastcal\code\working\Confidential\Project\EWARM\UserProject\STM32100B-EVAL\Obj\Application\driverFlash.o
#        C:\Users\denni\Desktop\fastcal\code\working\Confidential\Project\EWARM\UserProject\STM32100B-EVAL\Obj\Application\driverMagSensor.o
#        "C:\Users\denni\Desktop\fastcal\code\working\Confidential\Project\EWARM\UserProject\STM32100B-EVAL\Obj\User
#        interface\UI Library\src\FrameCommunicationProtocolClass.o"
#        C:\Users\denni\Desktop\fastcal\code\working\Confidential\Project\EWARM\UserProject\STM32100B-EVAL\Obj\SpiritDriver\JL_SpiritDriver.o
#        "C:\Users\denni\Desktop\fastcal\code\working\Confidential\Project\EWARM\UserProject\STM32100B-EVAL\Obj\User
#        interface\UI Library\src\LCDManager_UserInterfaceClass.o"
#        "C:\Users\denni\Desktop\fastcal\code\working\Confidential\Project\EWARM\UserProject\STM32100B-EVAL\Obj\User
#        interface\UI Library\src\LCDVintage_UserInterfaceClass.o"
#        C:\Users\denni\Desktop\fastcal\code\working\Confidential\Project\EWARM\UserProject\STM32100B-EVAL\Obj\Application\main.o
#        "C:\Users\denni\Desktop\fastcal\code\working\Confidential\Project\EWARM\MC
#        Library Compiled\Exe\MC_Library_STM32F10x_single_drive.a"
#        "C:\Users\denni\Desktop\fastcal\code\working\Confidential\Project\EWARM\UserProject\STM32100B-EVAL\Obj\Motor
#        control\MC Application\src\MCInterfaceClass.o"
#        "C:\Users\denni\Desktop\fastcal\code\working\Confidential\Project\EWARM\UserProject\STM32100B-EVAL\Obj\Motor
#        control\MC Application\src\MCTasks.o"
#        "C:\Users\denni\Desktop\fastcal\code\working\Confidential\Project\EWARM\UserProject\STM32100B-EVAL\Obj\Motor
#        control\MC Application\src\MCTuningClass.o"
#        "C:\Users\denni\Desktop\fastcal\code\working\Confidential\Project\EWARM\UserProject\STM32100B-EVAL\Obj\Std
#        project template\StdPeriph_Driver\misc.o"
#        C:\Users\denni\Desktop\fastcal\code\working\Confidential\Project\EWARM\UserProject\STM32100B-EVAL\Obj\Application\motor.o
#        C:\Users\denni\Desktop\fastcal\code\working\Confidential\Project\EWARM\UserProject\STM32100B-EVAL\Obj\Application\motor_braking.o
#        "C:\Users\denni\Desktop\fastcal\code\working\Confidential\Project\EWARM\UserProject\STM32100B-EVAL\Obj\User
#        interface\UI Library\src\MotorControlProtocolClass.o"
#        C:\Users\denni\Desktop\fastcal\code\working\Confidential\Project\EWARM\UserProject\STM32100B-EVAL\Obj\Application\new_beep.o
#        "C:\Users\denni\Desktop\fastcal\code\working\Confidential\Project\EWARM\UserProject\STM32100B-EVAL\Obj\User
#        interface\UI Library\src\PhysicalLayerCommunication_Class.o"
#        C:\Users\denni\Desktop\fastcal\code\working\Confidential\Project\EWARM\UserProject\STM32100B-EVAL\Obj\CommonModule\RandomSource.o
#        C:\Users\denni\Desktop\fastcal\code\working\Confidential\Project\EWARM\UserProject\STM32100B-EVAL\Obj\CommonModule\RawCircularBufferSource.o
#        C:\Users\denni\Desktop\fastcal\code\working\Confidential\Project\EWARM\UserProject\STM32100B-EVAL\Obj\Application\SDK_EVAL_Spirit_Spi_Driver.o
#        C:\Users\denni\Desktop\fastcal\code\working\Confidential\Project\EWARM\UserProject\STM32100B-EVAL\Obj\Application\spiritInterface.o
#        C:\Users\denni\Desktop\fastcal\code\working\Confidential\Project\EWARM\UserProject\STM32100B-EVAL\Obj\SpiritDriver\SpiritTx.o
#        "C:\Users\denni\Desktop\fastcal\code\working\Confidential\Project\EWARM\UserProject\STM32100B-EVAL\Obj\Std
#        project template\EWARMv5\startup_stm32f10x_md_vl.o"
#        "C:\Users\denni\Desktop\fastcal\code\working\Confidential\Project\EWARM\UserProject\STM32100B-EVAL\Obj\Std
#        project template\STM32_EVAL\stm32100b_eval_lcd.o"
#        "C:\Users\denni\Desktop\fastcal\code\working\Confidential\Project\EWARM\UserProject\STM32100B-EVAL\Obj\Std
#        project template\STM32_EVAL\stm32_eval.o"
#        "C:\Users\denni\Desktop\fastcal\code\working\Confidential\Project\EWARM\UserProject\STM32100B-EVAL\Obj\Std
#        project template\StdPeriph_Driver\stm32f10x_adc.o"
#        "C:\Users\denni\Desktop\fastcal\code\working\Confidential\Project\EWARM\UserProject\STM32100B-EVAL\Obj\Std
#        project template\StdPeriph_Driver\stm32f10x_bkp.o"
#        "C:\Users\denni\Desktop\fastcal\code\working\Confidential\Project\EWARM\UserProject\STM32100B-EVAL\Obj\Std
#        project template\StdPeriph_Driver\stm32f10x_can.o"
#        "C:\Users\denni\Desktop\fastcal\code\working\Confidential\Project\EWARM\UserProject\STM32100B-EVAL\Obj\Std
#        project template\StdPeriph_Driver\stm32f10x_cec.o"
#        "C:\Users\denni\Desktop\fastcal\code\working\Confidential\Project\EWARM\UserProject\STM32100B-EVAL\Obj\Std
#        project template\StdPeriph_Driver\stm32f10x_crc.o"
#        "C:\Users\denni\Desktop\fastcal\code\working\Confidential\Project\EWARM\UserProject\STM32100B-EVAL\Obj\Std
#        project template\StdPeriph_Driver\stm32f10x_dac.o"
#        "C:\Users\denni\Desktop\fastcal\code\working\Confidential\Project\EWARM\UserProject\STM32100B-EVAL\Obj\Std
#        project template\StdPeriph_Driver\stm32f10x_dbgmcu.o"
#        "C:\Users\denni\Desktop\fastcal\code\working\Confidential\Project\EWARM\UserProject\STM32100B-EVAL\Obj\Std
#        project template\StdPeriph_Driver\stm32f10x_dma.o"
#        "C:\Users\denni\Desktop\fastcal\code\working\Confidential\Project\EWARM\UserProject\STM32100B-EVAL\Obj\Std
#        project template\StdPeriph_Driver\stm32f10x_exti.o"
#        "C:\Users\denni\Desktop\fastcal\code\working\Confidential\Project\EWARM\UserProject\STM32100B-EVAL\Obj\Std
#        project template\StdPeriph_Driver\stm32f10x_flash.o"
#        "C:\Users\denni\Desktop\fastcal\code\working\Confidential\Project\EWARM\UserProject\STM32100B-EVAL\Obj\Std
#        project template\StdPeriph_Driver\stm32f10x_fsmc.o"
#        "C:\Users\denni\Desktop\fastcal\code\working\Confidential\Project\EWARM\UserProject\STM32100B-EVAL\Obj\Std
#        project template\StdPeriph_Driver\stm32f10x_gpio.o"
#        "C:\Users\denni\Desktop\fastcal\code\working\Confidential\Project\EWARM\UserProject\STM32100B-EVAL\Obj\Std
#        project template\StdPeriph_Driver\stm32f10x_i2c.o"
#        C:\Users\denni\Desktop\fastcal\code\working\Confidential\Project\EWARM\UserProject\STM32100B-EVAL\Obj\Application\stm32f10x_it.o
#        "C:\Users\denni\Desktop\fastcal\code\working\Confidential\Project\EWARM\UserProject\STM32100B-EVAL\Obj\Std
#        project template\StdPeriph_Driver\stm32f10x_iwdg.o"
#        C:\Users\denni\Desktop\fastcal\code\working\Confidential\Project\EWARM\UserProject\STM32100B-EVAL\Obj\Application\stm32f10x_MC_it_original.o
#        "C:\Users\denni\Desktop\fastcal\code\working\Confidential\Project\EWARM\UserProject\STM32100B-EVAL\Obj\Std
#        project template\StdPeriph_Driver\stm32f10x_pwr.o"
#        "C:\Users\denni\Desktop\fastcal\code\working\Confidential\Project\EWARM\UserProject\STM32100B-EVAL\Obj\Std
#        project template\StdPeriph_Driver\stm32f10x_rcc.o"
#        "C:\Users\denni\Desktop\fastcal\code\working\Confidential\Project\EWARM\UserProject\STM32100B-EVAL\Obj\Std
#        project template\StdPeriph_Driver\stm32f10x_rtc.o"
#        "C:\Users\denni\Desktop\fastcal\code\working\Confidential\Project\EWARM\UserProject\STM32100B-EVAL\Obj\Std
#        project template\StdPeriph_Driver\stm32f10x_sdio.o"
#        "C:\Users\denni\Desktop\fastcal\code\working\Confidential\Project\EWARM\UserProject\STM32100B-EVAL\Obj\Std
#        project template\StdPeriph_Driver\stm32f10x_spi.o"
#        "C:\Users\denni\Desktop\fastcal\code\working\Confidential\Project\EWARM\UserProject\STM32100B-EVAL\Obj\Std
#        project template\StdPeriph_Driver\stm32f10x_tim.o"
#        "C:\Users\denni\Desktop\fastcal\code\working\Confidential\Project\EWARM\UserProject\STM32100B-EVAL\Obj\Std
#        project template\StdPeriph_Driver\stm32f10x_usart.o"
#        "C:\Users\denni\Desktop\fastcal\code\working\Confidential\Project\EWARM\UserProject\STM32100B-EVAL\Obj\Std
#        project template\StdPeriph_Driver\stm32f10x_wwdg.o"
#        "C:\Users\denni\Desktop\fastcal\code\working\Confidential\Project\EWARM\UserProject\STM32100B-EVAL\Obj\Std
#        project template\CMSIS\system_stm32f10x.o"
#        C:\Users\denni\Desktop\fastcal\code\working\Confidential\Project\EWARM\UserProject\STM32100B-EVAL\Obj\CommonModule\ThreadingSource.o
#        C:\Users\denni\Desktop\fastcal\code\working\Confidential\Project\EWARM\UserProject\STM32100B-EVAL\Obj\Application\Timebase.o
#        C:\Users\denni\Desktop\fastcal\code\working\Confidential\Project\EWARM\UserProject\STM32100B-EVAL\Obj\CommonModule\TimersSource.o
#        "C:\Users\denni\Desktop\fastcal\code\working\Confidential\Project\EWARM\UserProject\STM32100B-EVAL\Obj\User
#        interface\UI Library\src\UIIRQHandlerClass.o"
#        C:\Users\denni\Desktop\fastcal\code\working\Confidential\Project\EWARM\UserProject\STM32100B-EVAL\Obj\Application\UITask.o
#        "C:\Users\denni\Desktop\fastcal\code\working\Confidential\Project\EWARM\UserProject\STM32100B-EVAL\Obj\User
#        interface\UI Library\src\UnidirectionalFastCom_UserInterfaceClass.o"
#        "C:\Users\denni\Desktop\fastcal\code\working\Confidential\Project\EWARM\UserProject\STM32100B-EVAL\Obj\User
#        interface\UI Library\src\USART_PhysicalLayerCommunication_Class.o"
#        "C:\Users\denni\Desktop\fastcal\code\working\Confidential\Project\EWARM\UserProject\STM32100B-EVAL\Obj\User
#        interface\UI Library\src\UserInterfaceClass.o" --no_out_extension -o
#        C:\Users\denni\Desktop\fastcal\code\working\Confidential\Project\EWARM\UserProject\STM32100B-EVAL\Exe\STM32F10x_UserProject.out
#        --map
#        C:\Users\denni\Desktop\fastcal\code\working\Confidential\Project\EWARM\UserProject\STM32100B-EVAL\List\STM32F10x_UserProject.map
#        --config
#        C:\Users\denni\Desktop\fastcal\code\working\Confidential\Project\EWARM\UserProject\stm32f10x_flash.icf
#        --semihosting --entry __iar_program_start --vfe --enable_stack_usage
#        --text_out locale)
#
###############################################################################

*******************************************************************************
*** MESSAGES
***

Warning[Lt009]: Inconsistent wchar_t size
            STO_SpeednPosFdbkClass.o(MC_Library_STM32F10x_single_drive.a) and 4
                      other objects in MC_Library_STM32F10x_single_drive.a have
                      wchar_t size 16 bits
            appMotorRamp.o and 115 other objects, some of them in
                      MC_Library_STM32F10x_single_drive.a and 20 other
                      libraries have wchar_t size 32 bits
Warning[Ls016]: [stack usage analysis] the program contains at least one
          indirect call. Example: from "main". A complete list of such
          functions is in the map file.
Warning[Ls017]: [stack usage analysis] the program contains at least one
          instance of recursion for which stack usage analysis has not been
          able to calculate a maximum stack depth. One function involved is
          "AssertSpiritState". A complete list of all recursion nests is in the
          map file.


*******************************************************************************
*** RUNTIME MODEL ATTRIBUTES
***

CppFlavor       = *
__CPP_Runtime   = 1
__Heap_Handler  = Basic
__SystemLibrary = DLib
__dlib_version  = 6


*******************************************************************************
*** HEAP SELECTION
***

The basic heap was selected because some modules are built with
size limitations (and not runtime checking), and --advanced_heap
was not specified.


*******************************************************************************
*** PLACEMENT SUMMARY
***

"A0":  place at address 0x800'3000 { ro section .intvec };
"P1":  place in [from 0x800'3000 to 0x803'ffff] { ro };
define block CSTACK with size = 2K, alignment = 8 { };
define block HEAP with size = 2K, alignment = 8 { };
"P2":  place in [from 0x2000'0000 to 0x2000'4000] {
          rw, block CSTACK, block HEAP };
initialize by copy { rw };

  Section            Kind         Address      Size  Object
  -------            ----         -------      ----  ------
Absolute sections:                            0x400
  .noinit            uninit    0x800'1c00     0x400  main.o [1]
                             - 0x800'2000     0x400

"A0":                                         0x160
  .intvec            ro code   0x800'3000     0x160  startup_stm32f10x_md_vl.o [7]
                             - 0x800'3160     0x160

"P1":                                      0x1'2186
  .text              ro code   0x800'3160    0x14c4  spiritInterface.o [1]
  .text              ro code   0x800'4624     0x3ec  appMotorRamp.o [1]
  .text              ro code   0x800'4a10     0x4c0  CM2RoutingSource.o [2]
  .text              ro code   0x800'4ed0     0x1ec  CM2SecuritySource.o [2]
  .text              ro code   0x800'50bc      0x6c  appProductionInfo.o [1]
  .text              ro code   0x800'5128     0x1ac  stm32f10x_rcc.o [9]
  .text              ro code   0x800'52d4     0x240  stm32f10x_gpio.o [9]
  .text              ro code   0x800'5514      0xb4  stm32f10x_exti.o [9]
  .text              ro code   0x800'55c8     0x90c  SDK_EVAL_Spirit_Spi_Driver.o [1]
  .text              ro code   0x800'5ed4      0x98  misc.o [9]
  .text              ro code   0x800'5f6c     0x338  CM2PortsSource.o [2]
  .text              ro code   0x800'62a4     0x818  CM2CoreSource.o [2]
  .text              ro code   0x800'6abc    0x1008  JL_SpiritDriver.o [5]
  .text              ro code   0x800'7ac4     0x25c  RawCircularBufferSource.o [3]
  .text              ro code   0x800'7d20     0x162  FltAddSub.o [13]
  .rodata            const     0x800'7e82       0x2  FrameCommunicationProtocolClass.o [10]
  .text              ro code   0x800'7e84     0xc78  main.o [1]
  .text              ro code   0x800'8afc     0x26a  MCInterfaceClass.o [4]
  .rodata            const     0x800'8d66       0x2  FrameCommunicationProtocolClass.o [10]
  .text              ro code   0x800'8d68    0x1150  MCTasks.o [4]
  .text              ro code   0x800'9eb8       0xc  memcpy.o [14]
  .text              ro code   0x800'9ec4      0xa6  ABImemcpy.o [14]
  .rodata            const     0x800'9f6a       0x2  FrameCommunicationProtocolClass.o [10]
  .text              ro code   0x800'9f6c     0xb4c  appTestSupport.o [1]
  .text              ro code   0x800'aab8      0x1a  U32ToFlt.o [13]
  .rodata            const     0x800'aad2       0x2  MCTasks.o [4]
  .text              ro code   0x800'aad4      0x48  FltToDbl.o [13]
  .text              ro code   0x800'ab1c     0x25e  DblAddSub.o [13]
  .rodata            const     0x800'ad7a       0x1  MCTasks.o [4]
  .text              ro code   0x800'ad7c      0x68  DblToFlt.o [13]
  .text              ro code   0x800'ade4     0x594  TimersSource.o [3]
  .text              ro code   0x800'b378      0x90  CM2FirmwareUpdateSource.o [2]
  .text              ro code   0x800'b408     0x1ec  CM2RangeTestSource.o [2]
  .text              ro code   0x800'b5f4     0x4a8  CM2CoreTypesSource.o [2]
  .text              ro code   0x800'ba9c      0xde  stm32f10x_spi.o [9]
  .text              ro code   0x800'bb7c     0x1e8  ThreadingSource.o [3]
  .text              ro code   0x800'bd64      0x70  RandomSource.o [3]
  .text              ro code   0x800'bdd4     0x18c  CM2PairingTableModeSource.o [2]
  .text              ro code   0x800'bf60     0x354  SpiritTx.o [5]
  .text              ro code   0x800'c2b4      0x14  memset.o [14]
  .text              ro code   0x800'c2c8      0x28  FltCmpGe.o [13]
  .text              ro code   0x800'c2f0      0x28  FltCmpLe.o [13]
  .text              ro code   0x800'c318     0x1aa  DblMul.o [13]
  .text              ro code   0x800'c4c4      0x36  DblToS32.o [13]
  .text              ro code   0x800'c4fc     0x208  driverFlash.o [1]
  .text              ro code   0x800'c704     0x7dc  motor_braking.o [1]
  .text              ro code   0x800'cee0      0x7e  MCTuningClass.o [4]
  .text              ro code   0x800'cf60     0x30c  driverMagSensor.o [1]
  .text              ro code   0x800'd26c      0xe4  driverButtonPsuedo.o [1]
  .text              ro code   0x800'd350     0x230  config.o [1]
  .text              ro code   0x800'd580     0x124  UITask.o [1]
  .text              ro code   0x800'd6a4     0x8a4  new_beep.o [1]
  .text              ro code   0x800'df48      0x38  UIIRQHandlerClass.o [10]
  .text              ro code   0x800'df80      0x36  BusVoltageSensorClass.o [11]
  .text              ro code   0x800'dfb8      0x28  TemperatureSensorClass.o [11]
  .text              ro code   0x800'dfe0      0x24  S32ToFlt.o [13]
  .text              ro code   0x800'e004      0xd8  FltMul.o [13]
  .text              ro code   0x800'e0dc      0x26  FltToS32.o [13]
  .text              ro code   0x800'e104     0x14a  StateMachineClass.o [11]
  .text              ro code   0x800'e250     0x1c6  SpeednTorqCtrlClass.o [11]
  .text              ro code   0x800'e418      0xce  SpeednPosFdbkClass.o [11]
  .text              ro code   0x800'e4e8      0x6c  CircleLimitationClass.o [11]
  .text              ro code   0x800'e554     0x9d8  ICS_HD2_PWMnCurrFdbkClass.o [11]
  .text              ro code   0x800'ef2c     0x262  PWMnCurrFdbkClass.o [11]
  .text              ro code   0x800'f190     0x104  PIRegulatorClass.o [11]
  .text              ro code   0x800'f294     0x932  HALL_SpeednPosFdbkClass.o [11]
  .text              ro code   0x800'fbc8     0xb16  STO_SpeednPosFdbkClass.o [11]
  .text              ro code   0x801'06e0      0xf8  Rdivider_BusVoltageSensorClass.o [11]
  .text              ro code   0x801'07d8      0x9e  PQD_MotorPowerMeasurementClass.o [11]
  .text              ro code   0x801'0878      0xac  MotorPowerMeasurementClass.o [11]
  .text              ro code   0x801'0924      0xf2  NTC_TemperatureSensorClass.o [11]
  .text              ro code   0x801'0a18      0x36  RampExtMngrClass.o [11]
  .text              ro code   0x801'0a50      0x66  ABImemset.o [14]
  .text              ro code   0x801'0ab8    0x134a  UserInterfaceClass.o [10]
  .text              ro code   0x801'1e04      0x1c  U32ToDbl.o [13]
  .text              ro code   0x801'1e20     0x3b4  MC_Math.o [11]
  .text              ro code   0x801'21d4     0x118  FltDiv.o [13]
  .text              ro code   0x801'22ec     0x150  stm32f10x_flash.o [9]
  .text              ro code   0x801'243c      0x10  stm32f10x_iwdg.o [9]
  .text              ro code   0x801'244c     0x9b8  stm32f10x_tim.o [9]
  .text              ro code   0x801'2e04      0x22  S32ToDbl.o [13]
  .text              ro code   0x801'2e28     0x146  DAC_UserInterfaceClass.o [10]
  .text              ro code   0x801'2f70     0x5ce  MotorControlProtocolClass.o [10]
  .text              ro code   0x801'3540     0x1d6  USART_PhysicalLayerCommunication_Class.o [10]
  .text              ro code   0x801'3718     0x2fa  FrameCommunicationProtocolClass.o [10]
  .text              ro code   0x801'3a14      0x18  MCIRQHandlerClass.o [11]
  .text              ro code   0x801'3a2c      0x24  stm32f10x_dbgmcu.o [9]
  .text              ro code   0x801'3a50     0x252  stm32f10x_adc.o [9]
  .text              ro code   0x801'3ca4     0x184  stm32f10x_dma.o [9]
  .text              ro code   0x801'3e28       0x6  ABImemclr4.o [14]
  .text              ro code   0x801'3e30       0x6  ABImemclr.o [14]
  .text              ro code   0x801'3e38      0x12  PID_PIRegulatorClass.o [11]
  .text              ro code   0x801'3e4c      0x5c  STO_CORDIC_SpeednPosFdbkClass.o [11]
  .text              ro code   0x801'3ea8      0x20  FluxWeakeningCtrlClass.o [11]
  .text              ro code   0x801'3ec8      0x3a  FeedForwardCtrlClass.o [11]
  .text              ro code   0x801'3f04      0x52  RevupCtrlClass.o [11]
  .text              ro code   0x801'3f58      0xc4  stm32f10x_dac.o [9]
  .text              ro code   0x801'401c      0xa8  PhysicalLayerCommunication_Class.o [10]
  .text              ro code   0x801'40c4     0x1dc  stm32f10x_usart.o [9]
  .text              ro code   0x801'42a0      0x32  ABImemset48.o [14]
  .text              ro code   0x801'42d4     0x2f4  stm32f10x_it.o [1]
  .text              ro code   0x801'45c8      0x34  Timebase.o [1]
  .text              ro code   0x801'45fc     0x118  system_stm32f10x.o [6]
  .text              ro code   0x801'4714     0x10c  stm32f10x_MC_it_original.o [1]
  .rodata            const     0x801'4820      0xb4  MCTasks.o [4]
  .rodata            const     0x801'48d4      0x94  appTestSupport.o [1]
  .rodata            const     0x801'4968      0x94  appTestSupport.o [1]
  .rodata            const     0x801'49fc      0x94  spiritInterface.o [1]
  .rodata            const     0x801'4a90      0x94  spiritInterface.o [1]
  .rodata            const     0x801'4b24      0x94  spiritInterface.o [1]
  .rodata            const     0x801'4bb8      0x94  spiritInterface.o [1]
  .rodata            const     0x801'4c4c      0x7c  MCTasks.o [4]
  .text              ro code   0x801'4cc8      0x78  lz77_init_single.o [14]
  .rodata            const     0x801'4d40      0x40  main.o [1]
  .rodata            const     0x801'4d80      0x3c  MCTasks.o [4]
  .rodata            const     0x801'4dbc      0x38  MCTasks.o [4]
  .text              ro code   0x801'4df4      0x38  zero_init3.o [14]
  .text              ro code   0x801'4e2c      0x28  data_init.o [14]
  .rodata            const     0x801'4e54      0x24  UITask.o [1]
  .iar.init_table    const     0x801'4e78      0x20  - Linker created -
  .rodata            const     0x801'4e98      0x20  main.o [1]
  .text              ro code   0x801'4eb8      0x1e  cmain.o [14]
  .text              ro code   0x801'4ed6       0x4  low_level_init.o [12]
  .text              ro code   0x801'4eda       0x4  exit.o [12]
  .text              ro code   0x801'4ee0       0xa  cexit.o [14]
  .text              ro code   0x801'4eec      0x14  exit.o [15]
  .rodata            const     0x801'4f00      0x1c  MCTasks.o [4]
  .text              ro code   0x801'4f1c      0x1c  cstartup_M.o [14]
  .rodata            const     0x801'4f38      0x18  MCTasks.o [4]
  .rodata            const     0x801'4f50      0x18  MCTasks.o [4]
  .rodata            const     0x801'4f68      0x18  MCTasks.o [4]
  .rodata            const     0x801'4f80      0x18  MCTasks.o [4]
  .rodata            const     0x801'4f98      0x18  ThreadingSource.o [3]
  .rodata            const     0x801'4fb0      0x14  MCTasks.o [4]
  .rodata            const     0x801'4fc4      0x10  UITask.o [1]
  .rodata            const     0x801'4fd4      0x10  UITask.o [1]
  .text              ro code   0x801'4fe4      0x10  startup_stm32f10x_md_vl.o [7]
  .rodata            const     0x801'4ff4       0xc  MCTasks.o [4]
  .rodata            const     0x801'5000       0xc  MCTasks.o [4]
  .rodata            const     0x801'500c       0x4  MCTasks.o [4]
  .rodata            const     0x801'5010       0x4  MCTasks.o [4]
  .rodata            const     0x801'5014       0x4  UITask.o [1]
  .rodata            const     0x801'5018       0x4  UITask.o [1]
  .text              ro code   0x801'501c       0x4  startup_stm32f10x_md_vl.o [7]
  .text              ro code   0x801'5020       0x4  startup_stm32f10x_md_vl.o [7]
  .text              ro code   0x801'5024       0x4  startup_stm32f10x_md_vl.o [7]
  .text              ro code   0x801'5028       0x4  startup_stm32f10x_md_vl.o [7]
  .text              ro code   0x801'502c       0x4  startup_stm32f10x_md_vl.o [7]
  .text              ro code   0x801'5030       0x4  startup_stm32f10x_md_vl.o [7]
  .text              ro code   0x801'5034       0x4  startup_stm32f10x_md_vl.o [7]
  .text              ro code   0x801'5038       0x4  startup_stm32f10x_md_vl.o [7]
  .text              ro code   0x801'503c       0x4  startup_stm32f10x_md_vl.o [7]
  .text              ro code   0x801'5040       0x4  startup_stm32f10x_md_vl.o [7]
  .text              ro code   0x801'5044       0x4  startup_stm32f10x_md_vl.o [7]
  .text              ro code   0x801'5048       0x4  startup_stm32f10x_md_vl.o [7]
  .text              ro code   0x801'504c       0x4  startup_stm32f10x_md_vl.o [7]
  .text              ro code   0x801'5050       0x4  startup_stm32f10x_md_vl.o [7]
  .text              ro code   0x801'5054       0x4  startup_stm32f10x_md_vl.o [7]
  .text              ro code   0x801'5058       0x4  startup_stm32f10x_md_vl.o [7]
  .text              ro code   0x801'505c       0x4  startup_stm32f10x_md_vl.o [7]
  .text              ro code   0x801'5060       0x4  startup_stm32f10x_md_vl.o [7]
  .text              ro code   0x801'5064       0x4  startup_stm32f10x_md_vl.o [7]
  .text              ro code   0x801'5068       0x4  startup_stm32f10x_md_vl.o [7]
  .text              ro code   0x801'506c       0x4  startup_stm32f10x_md_vl.o [7]
  .text              ro code   0x801'5070       0x4  startup_stm32f10x_md_vl.o [7]
  .text              ro code   0x801'5074       0x4  startup_stm32f10x_md_vl.o [7]
  .text              ro code   0x801'5078       0x4  startup_stm32f10x_md_vl.o [7]
  .text              ro code   0x801'507c       0x4  startup_stm32f10x_md_vl.o [7]
  .text              ro code   0x801'5080       0x4  startup_stm32f10x_md_vl.o [7]
  .text              ro code   0x801'5084       0x4  startup_stm32f10x_md_vl.o [7]
  .text              ro code   0x801'5088       0x4  startup_stm32f10x_md_vl.o [7]
  .text              ro code   0x801'508c       0x4  startup_stm32f10x_md_vl.o [7]
  .text              ro code   0x801'5090       0x4  startup_stm32f10x_md_vl.o [7]
  .text              ro code   0x801'5094       0x4  startup_stm32f10x_md_vl.o [7]
  .text              ro code   0x801'5098       0x4  startup_stm32f10x_md_vl.o [7]
  .text              ro code   0x801'509c       0x4  startup_stm32f10x_md_vl.o [7]
  .text              ro code   0x801'50a0       0x4  startup_stm32f10x_md_vl.o [7]
  .text              ro code   0x801'50a4       0x4  startup_stm32f10x_md_vl.o [7]
  .text              ro code   0x801'50a8       0x4  startup_stm32f10x_md_vl.o [7]
  .rodata            const     0x801'50ac       0x0  zero_init3.o [14]
  .rodata            const     0x801'50ac       0x0  lz77_init_single.o [14]
  Initializer bytes  const     0x801'50ac     0x23a  <for P2-1>
                             - 0x801'52e6  0x1'2186

"P2", part 1 of 3:                            0x8bf
  P2-1                        0x2000'0000     0x8bf  <Init block>
    .data            inited   0x2000'0000       0x8  RandomSource.o [3]
    .data            inited   0x2000'0008      0x94  appTestSupport.o [1]
    .data            inited   0x2000'009c      0x94  CM2CoreSource.o [2]
    .data            inited   0x2000'0130      0x94  CM2CoreSource.o [2]
    .data            inited   0x2000'01c4      0x94  CM2CoreSource.o [2]
    .data            inited   0x2000'0258      0x94  CM2CoreSource.o [2]
    .data            inited   0x2000'02ec       0x4  CM2CoreSource.o [2]
    .data            inited   0x2000'02f0      0x94  CM2RangeTestSource.o [2]
    .data            inited   0x2000'0384      0x20  CM2SecuritySource.o [2]
    .data            inited   0x2000'03a4       0x4  driverFlash.o [1]
    .data            inited   0x2000'03a8     0x100  JL_SpiritDriver.o [5]
    .data            inited   0x2000'04a8       0x4  main.o [1]
    .data            inited   0x2000'04ac       0x4  motor_braking.o [1]
    .data            inited   0x2000'04b0       0x4  motor_braking.o [1]
    .data            inited   0x2000'04b4       0x4  motor_braking.o [1]
    .data            inited   0x2000'04b8       0x4  motor_braking.o [1]
    .data            inited   0x2000'04bc       0xc  new_beep.o [1]
    .data            inited   0x2000'04c8      0x14  new_beep.o [1]
    .data            inited   0x2000'04dc       0x4  new_beep.o [1]
    .data            inited   0x2000'04e0       0x4  new_beep.o [1]
    .data            inited   0x2000'04e4      0x1c  new_beep.o [1]
    .data            inited   0x2000'0500      0x34  new_beep.o [1]
    .data            inited   0x2000'0534      0x28  spiritInterface.o [1]
    .data            inited   0x2000'055c       0x4  spiritInterface.o [1]
    .data            inited   0x2000'0560      0x94  spiritInterface.o [1]
    .data            inited   0x2000'05f4      0x94  spiritInterface.o [1]
    .data            inited   0x2000'0688      0x94  spiritInterface.o [1]
    .data            inited   0x2000'071c      0x94  spiritInterface.o [1]
    .data            inited   0x2000'07b0      0x94  spiritInterface.o [1]
    .data            inited   0x2000'0844       0x4  spiritInterface.o [1]
    .data            inited   0x2000'0848       0x4  SpiritTx.o [5]
    .data            inited   0x2000'084c      0x10  stm32f10x_rcc.o [9]
    .data            inited   0x2000'085c       0x4  stm32f10x_rcc.o [9]
    .data            inited   0x2000'0860       0x4  system_stm32f10x.o [6]
    .data            inited   0x2000'0864      0x18  STO_SpeednPosFdbkClass.o [11]
    .data            inited   0x2000'087c       0x2  CM2RangeTestSource.o [2]
    .data            inited   0x2000'087e       0x2  CM2RangeTestSource.o [2]
    .data            inited   0x2000'0880       0x2  driverFlash.o [1]
    .data            inited   0x2000'0882       0x2  main.o [1]
    .data            inited   0x2000'0884       0x2  MCTasks.o [4]
    .data            inited   0x2000'0886       0x2  MCTasks.o [4]
    .data            inited   0x2000'0888       0x2  MCTasks.o [4]
    .data            inited   0x2000'088a       0x2  MCTasks.o [4]
    .data            inited   0x2000'088c       0x2  MCTasks.o [4]
    .data            inited   0x2000'088e       0x2  MCTasks.o [4]
    .data            inited   0x2000'0890       0x2  MCTasks.o [4]
    .data            inited   0x2000'0892       0x2  MCTasks.o [4]
    .data            inited   0x2000'0894       0x2  motor_braking.o [1]
    .data            inited   0x2000'0896       0x2  motor_braking.o [1]
    .data            inited   0x2000'0898       0x2  motor_braking.o [1]
    .data            inited   0x2000'089a       0x2  motor_braking.o [1]
    .data            inited   0x2000'089c       0x2  motor_braking.o [1]
    .data            inited   0x2000'089e       0x2  motor_braking.o [1]
    .data            inited   0x2000'08a0       0x2  new_beep.o [1]
    .data            inited   0x2000'08a2       0x2  new_beep.o [1]
    .data            inited   0x2000'08a4       0x2  new_beep.o [1]
    .data            inited   0x2000'08a6       0x2  new_beep.o [1]
    .data            inited   0x2000'08a8       0x2  new_beep.o [1]
    .data            inited   0x2000'08aa       0x2  spiritInterface.o [1]
    .data            inited   0x2000'08ac       0x2  spiritInterface.o [1]
    .data            inited   0x2000'08ae       0x2  spiritInterface.o [1]
    .data            inited   0x2000'08b0       0x1  driverFlash.o [1]
    .data            inited   0x2000'08b1       0x1  main.o [1]
    .data            inited   0x2000'08b2       0x1  main.o [1]
    .data            inited   0x2000'08b3       0x1  MCTasks.o [4]
    .data            inited   0x2000'08b4       0x1  MCTasks.o [4]
    .data            inited   0x2000'08b5       0x1  motor_braking.o [1]
    .data            inited   0x2000'08b6       0x1  motor_braking.o [1]
    .data            inited   0x2000'08b7       0x1  motor_braking.o [1]
    .data            inited   0x2000'08b8       0x1  new_beep.o [1]
    .data            inited   0x2000'08b9       0x1  spiritInterface.o [1]
    .data            inited   0x2000'08ba       0x1  spiritInterface.o [1]
    .data            inited   0x2000'08bb       0x1  spiritInterface.o [1]
    .data            inited   0x2000'08bc       0x1  spiritInterface.o [1]
    .data            inited   0x2000'08bd       0x1  TimersSource.o [3]
    .data            inited   0x2000'08be       0x1  TimersSource.o [3]
                            - 0x2000'08bf     0x8bf

"P2", part 2 of 3:                           0x2e14
  .bss               zero     0x2000'08c0     0x940  CM2RoutingSource.o [2]
  .bss               zero     0x2000'1200     0x7d0  MCTasks.o [4]
  .bss               zero     0x2000'19d0     0x4a0  CM2RoutingSource.o [2]
  .bss               zero     0x2000'1e70     0x22c  FrameCommunicationProtocolClass.o [10]
  .bss               zero     0x2000'209c     0x124  PIRegulatorClass.o [11]
  .bss               zero     0x2000'21c0     0x11c  MotorPowerMeasurementClass.o [11]
  .bss               zero     0x2000'22dc     0x110  MotorControlProtocolClass.o [10]
  .bss               zero     0x2000'23ec     0x100  TimersSource.o [3]
  .bss               zero     0x2000'24ec      0xd8  UserInterfaceClass.o [10]
  .bss               zero     0x2000'25c4      0xd4  STO_SpeednPosFdbkClass.o [11]
  .bss               zero     0x2000'2698      0xcc  HALL_SpeednPosFdbkClass.o [11]
  .bss               zero     0x2000'2764      0x74  RampExtMngrClass.o [11]
  .bss               zero     0x2000'27d8      0xc0  ThreadingSource.o [3]
  .bss               zero     0x2000'2898      0xc0  TimersSource.o [3]
  .bss               zero     0x2000'2958      0xb0  MCTuningClass.o [4]
  .bss               zero     0x2000'2a08      0x94  CM2CoreSource.o [2]
  .bss               zero     0x2000'2a9c      0x94  CM2CoreSource.o [2]
  .bss               zero     0x2000'2b30      0x94  CM2PortsSource.o [2]
  .bss               zero     0x2000'2bc4      0x94  CM2RoutingSource.o [2]
  .bss               zero     0x2000'2c58      0x88  SpeednPosFdbkClass.o [11]
  .bss               zero     0x2000'2ce0      0x80  spiritInterface.o [1]
  .bss               zero     0x2000'2d60      0x78  PWMnCurrFdbkClass.o [11]
  .bss               zero     0x2000'2dd8      0x64  spiritInterface.o [1]
  .bss               zero     0x2000'2e3c      0x60  JL_SpiritDriver.o [5]
  .bss               zero     0x2000'2e9c      0x60  new_beep.o [1]
  .bss               zero     0x2000'2efc      0x60  SpiritTx.o [5]
  .bss               zero     0x2000'2f5c      0x54  CM2CoreSource.o [2]
  .bss               zero     0x2000'2fb0      0x54  spiritInterface.o [1]
  .bss               zero     0x2000'3004      0x40  MCInterfaceClass.o [4]
  .bss               zero     0x2000'3044      0x40  spiritInterface.o [1]
  .bss               zero     0x2000'3084      0x38  JL_SpiritDriver.o [5]
  .bss               zero     0x2000'30bc      0x2c  config.o [1]
  .bss               zero     0x2000'30e8      0x2c  ICS_HD2_PWMnCurrFdbkClass.o [11]
  .bss               zero     0x2000'3114      0x28  driverFlash.o [1]
  .bss               zero     0x2000'313c      0x28  driverFlash.o [1]
  .bss               zero     0x2000'3164      0x28  driverMagSensor.o [1]
  .bss               zero     0x2000'318c      0x28  main.o [1]
  .bss               zero     0x2000'31b4      0x24  MCTasks.o [4]
  .bss               zero     0x2000'31d8      0x24  PhysicalLayerCommunication_Class.o [10]
  .bss               zero     0x2000'31fc      0x24  SpeednTorqCtrlClass.o [11]
  .bss               zero     0x2000'3220      0x20  config.o [1]
  .bss               zero     0x2000'3240      0x20  config.o [1]
  .bss               zero     0x2000'3260      0x20  main.o [1]
  .bss               zero     0x2000'3280      0x20  BusVoltageSensorClass.o [11]
  .bss               zero     0x2000'32a0      0x20  TemperatureSensorClass.o [11]
  .bss               zero     0x2000'32c0      0x1c  ICS_HD2_PWMnCurrFdbkClass.o [11]
  .bss               zero     0x2000'32dc      0x18  CM2FirmwareUpdateSource.o [2]
  .bss               zero     0x2000'32f4      0x14  appTestSupport.o [1]
  .bss               zero     0x2000'3308      0x14  driverMagSensor.o [1]
  .bss               zero     0x2000'331c      0x14  spiritInterface.o [1]
  .bss               zero     0x2000'3330      0x14  spiritInterface.o [1]
  .bss               zero     0x2000'3344      0x10  appTestSupport.o [1]
  .bss               zero     0x2000'3354      0x10  CM2RoutingSource.o [2]
  .bss               zero     0x2000'3364      0x10  spiritInterface.o [1]
  .bss               zero     0x2000'3374      0x10  ICS_HD2_PWMnCurrFdbkClass.o [11]
  .bss               zero     0x2000'3384      0x10  NTC_TemperatureSensorClass.o [11]
  .bss               zero     0x2000'3394      0x10  PQD_MotorPowerMeasurementClass.o [11]
  .bss               zero     0x2000'33a4      0x10  MCIRQHandlerClass.o [11]
  .bss               zero     0x2000'33b4       0xc  appTestSupport.o [1]
  .bss               zero     0x2000'33c0       0xc  CM2PortsSource.o [2]
  .bss               zero     0x2000'33cc       0xc  DAC_UserInterfaceClass.o [10]
  .bss               zero     0x2000'33d8       0xc  spiritInterface.o [1]
  .bss               zero     0x2000'33e4       0xc  spiritInterface.o [1]
  .bss               zero     0x2000'33f0       0xc  StateMachineClass.o [11]
  .bss               zero     0x2000'33fc       0xc  Rdivider_BusVoltageSensorClass.o [11]
  .bss               zero     0x2000'3408       0x8  appTestSupport.o [1]
  .bss               zero     0x2000'3410       0x8  CircleLimitationClass.o [11]
  .bss               zero     0x2000'3418       0x4  appMotorRamp.o [1]
  .bss               zero     0x2000'341c       0x4  appMotorRamp.o [1]
  .bss               zero     0x2000'3420       0x4  appMotorRamp.o [1]
  .bss               zero     0x2000'3424       0x4  appMotorRamp.o [1]
  .bss               zero     0x2000'3428       0x4  appMotorRamp.o [1]
  .bss               zero     0x2000'342c       0x4  appMotorRamp.o [1]
  .bss               zero     0x2000'3430       0x4  appMotorRamp.o [1]
  .bss               zero     0x2000'3434       0x4  appTestSupport.o [1]
  .bss               zero     0x2000'3438       0x4  CM2CoreSource.o [2]
  .bss               zero     0x2000'343c       0x4  CM2CoreSource.o [2]
  .bss               zero     0x2000'3440       0x4  CM2CoreSource.o [2]
  .bss               zero     0x2000'3444       0x4  CM2CoreSource.o [2]
  .bss               zero     0x2000'3448       0x4  CM2CoreSource.o [2]
  .bss               zero     0x2000'344c       0x4  CM2CoreSource.o [2]
  .bss               zero     0x2000'3450       0x4  CM2CoreSource.o [2]
  .bss               zero     0x2000'3454       0x4  CM2CoreSource.o [2]
  .bss               zero     0x2000'3458       0x4  CM2CoreSource.o [2]
  .bss               zero     0x2000'345c       0x4  CM2CoreSource.o [2]
  .bss               zero     0x2000'3460       0x4  CM2CoreSource.o [2]
  .bss               zero     0x2000'3464       0x4  CM2CoreTypesSource.o [2]
  .bss               zero     0x2000'3468       0x4  CM2CoreTypesSource.o [2]
  .bss               zero     0x2000'346c       0x4  CM2CoreTypesSource.o [2]
  .bss               zero     0x2000'3470       0x4  CM2FirmwareUpdateSource.o [2]
  .bss               zero     0x2000'3474       0x4  CM2FirmwareUpdateSource.o [2]
  .bss               zero     0x2000'3478       0x4  CM2PairingTableModeSource.o [2]
  .bss               zero     0x2000'347c       0x4  CM2PairingTableModeSource.o [2]
  .bss               zero     0x2000'3480       0x4  CM2PairingTableModeSource.o [2]
  .bss               zero     0x2000'3484       0x4  CM2PairingTableModeSource.o [2]
  .bss               zero     0x2000'3488       0x4  CM2PairingTableModeSource.o [2]
  .bss               zero     0x2000'348c       0x4  CM2PairingTableModeSource.o [2]
  .bss               zero     0x2000'3490       0x4  CM2PortsSource.o [2]
  .bss               zero     0x2000'3494       0x4  CM2PortsSource.o [2]
  .bss               zero     0x2000'3498       0x4  CM2PortsSource.o [2]
  .bss               zero     0x2000'349c       0x4  CM2PortsSource.o [2]
  .bss               zero     0x2000'34a0       0x4  CM2PortsSource.o [2]
  .bss               zero     0x2000'34a4       0x4  CM2PortsSource.o [2]
  .bss               zero     0x2000'34a8       0x4  CM2PortsSource.o [2]
  .bss               zero     0x2000'34ac       0x4  CM2PortsSource.o [2]
  .bss               zero     0x2000'34b0       0x4  CM2RoutingSource.o [2]
  .bss               zero     0x2000'34b4       0x4  CM2RoutingSource.o [2]
  .bss               zero     0x2000'34b8       0x4  CM2RoutingSource.o [2]
  .bss               zero     0x2000'34bc       0x4  CM2RoutingSource.o [2]
  .bss               zero     0x2000'34c0       0x4  driverFlash.o [1]
  .bss               zero     0x2000'34c4       0x4  driverFlash.o [1]
  .bss               zero     0x2000'34c8       0x4  JL_SpiritDriver.o [5]
  .bss               zero     0x2000'34cc       0x4  JL_SpiritDriver.o [5]
  .bss               zero     0x2000'34d0       0x4  JL_SpiritDriver.o [5]
  .bss               zero     0x2000'34d4       0x4  JL_SpiritDriver.o [5]
  .bss               zero     0x2000'34d8       0x4  main.o [1]
  .bss               zero     0x2000'34dc       0x4  main.o [1]
  .bss               zero     0x2000'34e0       0x4  main.o [1]
  .bss               zero     0x2000'34e4       0x4  main.o [1]
  .bss               zero     0x2000'34e8       0x4  main.o [1]
  .bss               zero     0x2000'34ec       0x4  main.o [1]
  .bss               zero     0x2000'34f0       0x4  main.o [1]
  .bss               zero     0x2000'34f4       0x4  main.o [1]
  .bss               zero     0x2000'34f8       0x4  main.o [1]
  .bss               zero     0x2000'34fc       0x4  main.o [1]
  .bss               zero     0x2000'3500       0x4  main.o [1]
  .bss               zero     0x2000'3504       0x4  MCTasks.o [4]
  .bss               zero     0x2000'3508       0x4  MCTasks.o [4]
  .bss               zero     0x2000'350c       0x4  MCTasks.o [4]
  .bss               zero     0x2000'3510       0x4  MCTasks.o [4]
  .bss               zero     0x2000'3514       0x4  MCTasks.o [4]
  .bss               zero     0x2000'3518       0x4  MCTasks.o [4]
  .bss               zero     0x2000'351c       0x4  MCTasks.o [4]
  .bss               zero     0x2000'3520       0x4  MCTasks.o [4]
  .bss               zero     0x2000'3524       0x4  MCTasks.o [4]
  .bss               zero     0x2000'3528       0x4  MCTasks.o [4]
  .bss               zero     0x2000'352c       0x4  MCTasks.o [4]
  .bss               zero     0x2000'3530       0x4  MCTasks.o [4]
  .bss               zero     0x2000'3534       0x4  MCTasks.o [4]
  .bss               zero     0x2000'3538       0x4  MCTasks.o [4]
  .bss               zero     0x2000'353c       0x4  MCTasks.o [4]
  .bss               zero     0x2000'3540       0x4  MCTasks.o [4]
  .bss               zero     0x2000'3544       0x4  MCTasks.o [4]
  .bss               zero     0x2000'3548       0x4  MCTasks.o [4]
  .bss               zero     0x2000'354c       0x4  MCTasks.o [4]
  .bss               zero     0x2000'3550       0x4  MCTasks.o [4]
  .bss               zero     0x2000'3554       0x4  MCTasks.o [4]
  .bss               zero     0x2000'3558       0x4  MCTasks.o [4]
  .bss               zero     0x2000'355c       0x4  MCTasks.o [4]
  .bss               zero     0x2000'3560       0x4  MCTasks.o [4]
  .bss               zero     0x2000'3564       0x4  MCTasks.o [4]
  .bss               zero     0x2000'3568       0x4  MCTasks.o [4]
  .bss               zero     0x2000'356c       0x4  MCTasks.o [4]
  .bss               zero     0x2000'3570       0x4  MCTasks.o [4]
  .bss               zero     0x2000'3574       0x4  MCTasks.o [4]
  .bss               zero     0x2000'3578       0x4  motor_braking.o [1]
  .bss               zero     0x2000'357c       0x4  motor_braking.o [1]
  .bss               zero     0x2000'3580       0x4  motor_braking.o [1]
  .bss               zero     0x2000'3584       0x4  motor_braking.o [1]
  .bss               zero     0x2000'3588       0x4  motor_braking.o [1]
  .bss               zero     0x2000'358c       0x4  motor_braking.o [1]
  .bss               zero     0x2000'3590       0x4  motor_braking.o [1]
  .bss               zero     0x2000'3594       0x4  motor_braking.o [1]
  .bss               zero     0x2000'3598       0x4  stm32f10x_it.o [1]
  .bss               zero     0x2000'359c       0x4  ThreadingSource.o [3]
  .bss               zero     0x2000'35a0       0x4  TimersSource.o [3]
  .bss               zero     0x2000'35a4       0x4  UIIRQHandlerClass.o [10]
  .bss               zero     0x2000'35a8       0x4  UITask.o [1]
  .bss               zero     0x2000'35ac       0x4  UITask.o [1]
  .bss               zero     0x2000'35b0       0x4  UITask.o [1]
  .bss               zero     0x2000'35b4       0x4  UITask.o [1]
  .bss               zero     0x2000'35b8       0x4  USART_PhysicalLayerCommunication_Class.o [10]
  .bss               zero     0x2000'35bc       0x4  MC_Math.o [11]
  .bss               zero     0x2000'35c0       0x2  appMotorRamp.o [1]
  .bss               zero     0x2000'35c2       0x2  appMotorRamp.o [1]
  .bss               zero     0x2000'35c4       0x2  appMotorRamp.o [1]
  .bss               zero     0x2000'35c6       0x2  appTestSupport.o [1]
  .bss               zero     0x2000'35c8       0x2  appTestSupport.o [1]
  .bss               zero     0x2000'35ca       0x2  appTestSupport.o [1]
  .bss               zero     0x2000'35cc       0x2  appTestSupport.o [1]
  .bss               zero     0x2000'35ce       0x2  appTestSupport.o [1]
  .bss               zero     0x2000'35d0       0x2  appTestSupport.o [1]
  .bss               zero     0x2000'35d2       0x2  appTestSupport.o [1]
  .bss               zero     0x2000'35d4       0x2  beep.o [1]
  .bss               zero     0x2000'35d6       0x2  CM2CoreSource.o [2]
  .bss               zero     0x2000'35d8       0x2  CM2PortsSource.o [2]
  .bss               zero     0x2000'35da       0x2  CM2RangeTestSource.o [2]
  .bss               zero     0x2000'35dc       0x2  CM2RangeTestSource.o [2]
  .bss               zero     0x2000'35de       0x2  CM2RoutingSource.o [2]
  .bss               zero     0x2000'35e0       0x2  driverButtonPsuedo.o [1]
  .bss               zero     0x2000'35e2       0x2  driverButtonPsuedo.o [1]
  .bss               zero     0x2000'35e4       0x2  driverButtonPsuedo.o [1]
  .bss               zero     0x2000'35e6       0x2  driverButtonPsuedo.o [1]
  .bss               zero     0x2000'35e8       0x2  driverButtonPsuedo.o [1]
  .bss               zero     0x2000'35ea       0x2  driverButtonPsuedo.o [1]
  .bss               zero     0x2000'35ec       0x2  driverFlash.o [1]
  .bss               zero     0x2000'35ee       0x2  driverMagSensor.o [1]
  .bss               zero     0x2000'35f0       0x2  driverMagSensor.o [1]
  .bss               zero     0x2000'35f2       0x2  driverMagSensor.o [1]
  .bss               zero     0x2000'35f4       0x2  driverMagSensor.o [1]
  .bss               zero     0x2000'35f6       0x2  main.o [1]
  .bss               zero     0x2000'35f8       0x2  main.o [1]
  .bss               zero     0x2000'35fa       0x2  main.o [1]
  .bss               zero     0x2000'35fc       0x2  main.o [1]
  .bss               zero     0x2000'35fe       0x2  main.o [1]
  .bss               zero     0x2000'3600       0x2  main.o [1]
  .bss               zero     0x2000'3602       0x2  MCTasks.o [4]
  .bss               zero     0x2000'3604       0x2  MCTasks.o [4]
  .bss               zero     0x2000'3606       0x2  MCTasks.o [4]
  .bss               zero     0x2000'3608       0x2  MCTasks.o [4]
  .bss               zero     0x2000'360a       0x2  MCTasks.o [4]
  .bss               zero     0x2000'360c       0x2  MCTasks.o [4]
  .bss               zero     0x2000'360e       0x2  MCTasks.o [4]
  .bss               zero     0x2000'3610       0x2  MCTasks.o [4]
  .bss               zero     0x2000'3612       0x2  MCTasks.o [4]
  .bss               zero     0x2000'3614       0x2  MCTasks.o [4]
  .bss               zero     0x2000'3616       0x2  MCTasks.o [4]
  .bss               zero     0x2000'3618       0x2  MCTasks.o [4]
  .bss               zero     0x2000'361a       0x2  MCTasks.o [4]
  .bss               zero     0x2000'361c       0x2  MCTasks.o [4]
  .bss               zero     0x2000'361e       0x2  MCTasks.o [4]
  .bss               zero     0x2000'3620       0x2  MCTasks.o [4]
  .bss               zero     0x2000'3622       0x2  MCTasks.o [4]
  .bss               zero     0x2000'3624       0x2  MCTasks.o [4]
  .bss               zero     0x2000'3626       0x2  MCTasks.o [4]
  .bss               zero     0x2000'3628       0x2  MCTasks.o [4]
  .bss               zero     0x2000'362a       0x2  MCTasks.o [4]
  .bss               zero     0x2000'362c       0x2  MCTasks.o [4]
  .bss               zero     0x2000'362e       0x2  MCTasks.o [4]
  .bss               zero     0x2000'3630       0x2  MCTasks.o [4]
  .bss               zero     0x2000'3632       0x2  MCTasks.o [4]
  .bss               zero     0x2000'3634       0x2  MCTasks.o [4]
  .bss               zero     0x2000'3636       0x2  motor_braking.o [1]
  .bss               zero     0x2000'3638       0x2  motor_braking.o [1]
  .bss               zero     0x2000'363a       0x2  motor_braking.o [1]
  .bss               zero     0x2000'363c       0x2  motor_braking.o [1]
  .bss               zero     0x2000'363e       0x2  motor_braking.o [1]
  .bss               zero     0x2000'3640       0x2  motor_braking.o [1]
  .bss               zero     0x2000'3642       0x2  motor_braking.o [1]
  .bss               zero     0x2000'3644       0x2  SDK_EVAL_Spirit_Spi_Driver.o [1]
  .bss               zero     0x2000'3646       0x2  spiritInterface.o [1]
  .bss               zero     0x2000'3648       0x2  spiritInterface.o [1]
  .bss               zero     0x2000'364a       0x2  SpiritTx.o [5]
  .bss               zero     0x2000'364c       0x2  SpiritTx.o [5]
  .bss               zero     0x2000'364e       0x2  stm32f10x_it.o [1]
  .bss               zero     0x2000'3650       0x2  stm32f10x_it.o [1]
  .bss               zero     0x2000'3652       0x2  stm32f10x_it.o [1]
  .bss               zero     0x2000'3654       0x2  stm32f10x_it.o [1]
  .bss               zero     0x2000'3656       0x2  stm32f10x_MC_it_original.o [1]
  .bss               zero     0x2000'3658       0x2  Timebase.o [1]
  .bss               zero     0x2000'365a       0x2  Timebase.o [1]
  .bss               zero     0x2000'365c       0x2  UITask.o [1]
  .bss               zero     0x2000'365e       0x2  UITask.o [1]
  .bss               zero     0x2000'3660       0x2  SpeednTorqCtrlClass.o [11]
  .bss               zero     0x2000'3662       0x1  appMotorRamp.o [1]
  .bss               zero     0x2000'3663       0x1  appMotorRamp.o [1]
  .bss               zero     0x2000'3664       0x1  appMotorRamp.o [1]
  .bss               zero     0x2000'3665       0x1  appProductionInfo.o [1]
  .bss               zero     0x2000'3666       0x1  appProductionInfo.o [1]
  .bss               zero     0x2000'3667       0x1  appTestSupport.o [1]
  .bss               zero     0x2000'3668       0x1  appTestSupport.o [1]
  .bss               zero     0x2000'3669       0x1  appTestSupport.o [1]
  .bss               zero     0x2000'366a       0x1  appTestSupport.o [1]
  .bss               zero     0x2000'366b       0x1  appTestSupport.o [1]
  .bss               zero     0x2000'366c       0x1  appTestSupport.o [1]
  .bss               zero     0x2000'366d       0x1  appTestSupport.o [1]
  .bss               zero     0x2000'366e       0x1  appTestSupport.o [1]
  .bss               zero     0x2000'366f       0x1  CM2CoreSource.o [2]
  .bss               zero     0x2000'3670       0x1  CM2CoreSource.o [2]
  .bss               zero     0x2000'3671       0x1  CM2CoreSource.o [2]
  .bss               zero     0x2000'3672       0x1  CM2CoreSource.o [2]
  .bss               zero     0x2000'3673       0x1  CM2CoreSource.o [2]
  .bss               zero     0x2000'3674       0x1  CM2CoreSource.o [2]
  .bss               zero     0x2000'3675       0x1  CM2CoreSource.o [2]
  .bss               zero     0x2000'3676       0x1  CM2FirmwareUpdateSource.o [2]
  .bss               zero     0x2000'3677       0x1  CM2FirmwareUpdateSource.o [2]
  .bss               zero     0x2000'3678       0x1  CM2PairingTableModeSource.o [2]
  .bss               zero     0x2000'3679       0x1  CM2PairingTableModeSource.o [2]
  .bss               zero     0x2000'367a       0x1  CM2PairingTableModeSource.o [2]
  .bss               zero     0x2000'367b       0x1  CM2PairingTableModeSource.o [2]
  .bss               zero     0x2000'367c       0x1  CM2PairingTableModeSource.o [2]
  .bss               zero     0x2000'367d       0x1  CM2PortsSource.o [2]
  .bss               zero     0x2000'367e       0x1  CM2PortsSource.o [2]
  .bss               zero     0x2000'367f       0x1  CM2RangeTestSource.o [2]
  .bss               zero     0x2000'3680       0x1  CM2RangeTestSource.o [2]
  .bss               zero     0x2000'3681       0x1  CM2RoutingSource.o [2]
  .bss               zero     0x2000'3682       0x1  config.o [1]
  .bss               zero     0x2000'3683       0x1  DAC_UserInterfaceClass.o [10]
  .bss               zero     0x2000'3684       0x1  driverButtonPsuedo.o [1]
  .bss               zero     0x2000'3685       0x1  driverButtonPsuedo.o [1]
  .bss               zero     0x2000'3686       0x1  driverFlash.o [1]
  .bss               zero     0x2000'3687       0x1  driverFlash.o [1]
  .bss               zero     0x2000'3688       0x1  driverMagSensor.o [1]
  .bss               zero     0x2000'3689       0x1  driverMagSensor.o [1]
  .bss               zero     0x2000'368a       0x1  driverMagSensor.o [1]
  .bss               zero     0x2000'368b       0x1  FrameCommunicationProtocolClass.o [10]
  .bss               zero     0x2000'368c       0x1  JL_SpiritDriver.o [5]
  .bss               zero     0x2000'368d       0x1  JL_SpiritDriver.o [5]
  .bss               zero     0x2000'368e       0x1  JL_SpiritDriver.o [5]
  .bss               zero     0x2000'368f       0x1  JL_SpiritDriver.o [5]
  .bss               zero     0x2000'3690       0x1  JL_SpiritDriver.o [5]
  .bss               zero     0x2000'3691       0x1  main.o [1]
  .bss               zero     0x2000'3692       0x1  main.o [1]
  .bss               zero     0x2000'3693       0x1  main.o [1]
  .bss               zero     0x2000'3694       0x1  main.o [1]
  .bss               zero     0x2000'3695       0x1  main.o [1]
  .bss               zero     0x2000'3696       0x1  main.o [1]
  .bss               zero     0x2000'3697       0x1  main.o [1]
  .bss               zero     0x2000'3698       0x1  main.o [1]
  .bss               zero     0x2000'3699       0x1  main.o [1]
  .bss               zero     0x2000'369a       0x1  main.o [1]
  .bss               zero     0x2000'369b       0x1  main.o [1]
  .bss               zero     0x2000'369c       0x1  main.o [1]
  .bss               zero     0x2000'369d       0x1  main.o [1]
  .bss               zero     0x2000'369e       0x1  main.o [1]
  .bss               zero     0x2000'369f       0x1  main.o [1]
  .bss               zero     0x2000'36a0       0x1  main.o [1]
  .bss               zero     0x2000'36a1       0x1  main.o [1]
  .bss               zero     0x2000'36a2       0x1  main.o [1]
  .bss               zero     0x2000'36a3       0x1  main.o [1]
  .bss               zero     0x2000'36a4       0x1  main.o [1]
  .bss               zero     0x2000'36a5       0x1  main.o [1]
  .bss               zero     0x2000'36a6       0x1  MCInterfaceClass.o [4]
  .bss               zero     0x2000'36a7       0x1  MCTasks.o [4]
  .bss               zero     0x2000'36a8       0x1  MCTasks.o [4]
  .bss               zero     0x2000'36a9       0x1  MCTasks.o [4]
  .bss               zero     0x2000'36aa       0x1  MCTasks.o [4]
  .bss               zero     0x2000'36ab       0x1  MCTasks.o [4]
  .bss               zero     0x2000'36ac       0x1  MCTasks.o [4]
  .bss               zero     0x2000'36ad       0x1  MCTasks.o [4]
  .bss               zero     0x2000'36ae       0x1  MCTasks.o [4]
  .bss               zero     0x2000'36af       0x1  MCTuningClass.o [4]
  .bss               zero     0x2000'36b0       0x1  motor_braking.o [1]
  .bss               zero     0x2000'36b1       0x1  motor_braking.o [1]
  .bss               zero     0x2000'36b2       0x1  MotorControlProtocolClass.o [10]
  .bss               zero     0x2000'36b3       0x1  new_beep.o [1]
  .bss               zero     0x2000'36b4       0x1  new_beep.o [1]
  .bss               zero     0x2000'36b5       0x1  new_beep.o [1]
  .bss               zero     0x2000'36b6       0x1  PhysicalLayerCommunication_Class.o [10]
  .bss               zero     0x2000'36b7       0x1  SDK_EVAL_Spirit_Spi_Driver.o [1]
  .bss               zero     0x2000'36b8       0x1  SDK_EVAL_Spirit_Spi_Driver.o [1]
  .bss               zero     0x2000'36b9       0x1  spiritInterface.o [1]
  .bss               zero     0x2000'36ba       0x1  spiritInterface.o [1]
  .bss               zero     0x2000'36bb       0x1  spiritInterface.o [1]
  .bss               zero     0x2000'36bc       0x1  spiritInterface.o [1]
  .bss               zero     0x2000'36bd       0x1  SpiritTx.o [5]
  .bss               zero     0x2000'36be       0x1  SpiritTx.o [5]
  .bss               zero     0x2000'36bf       0x1  SpiritTx.o [5]
  .bss               zero     0x2000'36c0       0x1  SpiritTx.o [5]
  .bss               zero     0x2000'36c1       0x1  SpiritTx.o [5]
  .bss               zero     0x2000'36c2       0x1  stm32f10x_it.o [1]
  .bss               zero     0x2000'36c3       0x1  stm32f10x_it.o [1]
  .bss               zero     0x2000'36c4       0x1  stm32f10x_it.o [1]
  .bss               zero     0x2000'36c5       0x1  stm32f10x_it.o [1]
  .bss               zero     0x2000'36c6       0x1  stm32f10x_it.o [1]
  .bss               zero     0x2000'36c7       0x1  stm32f10x_it.o [1]
  .bss               zero     0x2000'36c8       0x1  stm32f10x_it.o [1]
  .bss               zero     0x2000'36c9       0x1  stm32f10x_it.o [1]
  .bss               zero     0x2000'36ca       0x1  stm32f10x_it.o [1]
  .bss               zero     0x2000'36cb       0x1  ThreadingSource.o [3]
  .bss               zero     0x2000'36cc       0x1  TimersSource.o [3]
  .bss               zero     0x2000'36cd       0x1  TimersSource.o [3]
  .bss               zero     0x2000'36ce       0x1  TimersSource.o [3]
  .bss               zero     0x2000'36cf       0x1  TimersSource.o [3]
  .bss               zero     0x2000'36d0       0x1  USART_PhysicalLayerCommunication_Class.o [10]
  .bss               zero     0x2000'36d1       0x1  UserInterfaceClass.o [10]
                            - 0x2000'36d2    0x2e12

"P2", part 3 of 3:                            0x800
  CSTACK                      0x2000'36d8     0x800  <Block>
    CSTACK           uninit   0x2000'36d8     0x800  <Block tail>
                            - 0x2000'3ed8     0x800

Unused ranges:

         From           To      Size
         ----           --      ----
   0x801'52e6   0x803'ffff  0x2'ad1a
  0x2000'08bf  0x2000'08bf       0x1
  0x2000'36d4  0x2000'36d7       0x4
  0x2000'3ed8  0x2000'4000     0x129


*******************************************************************************
*** INIT TABLE
***

          Address      Size
          -------      ----
Zero (__iar_zero_init3)
    1 destination range, total size 0x2e12:
          0x2000'08c0  0x2e12

Copy/lz77 (__iar_lz77_init_single3)
    1 source range, total size 0x23a (25% of destination):
           0x801'50ac   0x23a
    1 destination range, total size 0x8bf:
          0x2000'0000   0x8bf


*******************************************************************************
*** STACK USAGE
***

  Call Graph Root Category  Max Use  Total Use
  ------------------------  -------  ---------
  Program entry                648        648
  Uncalled function            608      5'792


Program entry
  "__iar_program_start": 0x801'4f1d

  Maximum call chain                            *?* 648  bytes
    (** call graph contains recursive functions (example: "AssertSpiritState")
                            indirect calls (example: "main") **)

    "__iar_program_start"                             0
    "__cmain"                                         0
    "main"                                           40
    "AppTestProcessTypes"                            16
    "AppTestTask"                                    24
    "RunSpiritBackgroundTasks"                       24
    "PollSpirit" in JL_SpiritDriver.o [5]            24
    "RunTxStateMachine"                              16
    "BeginHoldoff" in SpiritTx.o [5]                 16
    "AssertSpiritState"                              32
    "GoToReady" in JL_SpiritDriver.o [5]             16
    "WaitForSpiritState" in JL_SpiritDriver.o [5]
                                                     24
    "SpiReadRegisters"                               64
    "SpiritSpiError"                                 16
    "SpiritInitSingleOld" in JL_SpiritDriver.o [5]
                                                     24
    "SetSpiritFrequency"                              0

Uncalled function
  "TestPropulsionRampTask": 0x800'4697

  Maximum call chain                                8  bytes

    "TestPropulsionRampTask"                        8
    "PropulsionRamp"                                0

Uncalled function
  "AppTestPacketRX": 0x800'a2bd

  Maximum call chain                            *?* 600  bytes
    (** call graph contains recursive functions (example: "RoutePacket")
                            indirect calls (example: "RoutePacket") **)

    "AppTestPacketRX"                                24
    "AppTestProcess"                                 40
    "SetSpiritMode"                                  16
    "SpiritSetCwTx" in JL_SpiritDriver.o [5]         32
    "AssertSpiritState"                              32
    "GoToReady" in JL_SpiritDriver.o [5]             16
    "WaitForSpiritState" in JL_SpiritDriver.o [5]
                                                     24
    "SpiReadRegisters"                               64
    "SpiritSpiError"                                 16
    "SpiritInitSingleOld" in JL_SpiritDriver.o [5]
                                                     24
    "SetSpiritFrequency"                              0

Uncalled function
  "TestingAckCallback": 0x800'a267

  Maximum call chain                                8  bytes

    "TestingAckCallback"                            8

Uncalled function
  "DelayedAck" in CM2CoreSource.o [2]: 0x800'62b7

  Maximum call chain                            *?* 128  bytes
    (** call graph contains recursive functions (example: "RoutePacket")
                            indirect calls (example: "RoutePacket") **)

    "DelayedAck" in CM2CoreSource.o [2]               8
    "RoutePacket"                                     0

Uncalled function
  "RxDataAvailable" in CM2CoreSource.o [2]: 0x800'68e9

  Maximum call chain                            *?* 248  bytes
    (** call graph contains recursive functions (example: "RoutePacket")
                            indirect calls (example: "ProcessNextRxPacketTableMode") **)

    "RxDataAvailable" in CM2CoreSource.o [2]         16
    "ProcessNextRxPacketTableMode"                   16
    "ProcessAdminPacket"                             72
    "Nack"                                           24
    "RoutePacket"                                     0

Uncalled function
  "SendNext" in CM2RangeTestSource.o [2]: 0x800'b409

  Maximum call chain                            *?* 144  bytes
    (** call graph contains recursive functions (example: "RoutePacket")
                            indirect calls (example: "HandleTick" in TimersSource.o [3]) **)

    "SendNext" in CM2RangeTestSource.o [2]           24
    "RoutePacket"                                     0

Uncalled function
  "RetryExpiration" in CM2RoutingSource.o [2]: 0x800'4b13

  Maximum call chain                            *?* 92  bytes
    (** call graph contains indirect calls (example: "RetryExpiration" in CM2RoutingSource.o [2]) **)

    "RetryExpiration" in CM2RoutingSource.o [2]     24
    "RegisterTimer"                                 32
    "Unlock" in TimersSource.o [3]                   8
    "HandleTick" in TimersSource.o [3]              24
    "EraseTimeout" in TimersSource.o [3]             4

Uncalled function
  "DAC_Exec" in DAC_UserInterfaceClass.o [10]: 0x801'2ef9

  Maximum call chain                            *?* 112  bytes
    (** call graph contains indirect calls (example: "UI_GetReg") **)

    "DAC_Exec" in DAC_UserInterfaceClass.o [10]      24
    "UI_GetReg"                                      72
    "UI_GetDAC"                                      16

Uncalled function
  "DAC_GetChannelConfig" in DAC_UserInterfaceClass.o [10]: 0x801'2f45

  Maximum call chain                                0  bytes

    "DAC_GetChannelConfig" in DAC_UserInterfaceClass.o [10]
                                                    0

Uncalled function
  "DAC_GetUserChannelValue" in DAC_UserInterfaceClass.o [10]: 0x801'2f61

  Maximum call chain                                0  bytes

    "DAC_GetUserChannelValue" in DAC_UserInterfaceClass.o [10]
                                                    0

Uncalled function
  "DAC_Init_" in DAC_UserInterfaceClass.o [10]: 0x801'2e7d

  Maximum call chain                               52  bytes

    "DAC_Init_" in DAC_UserInterfaceClass.o [10]
                                                   32
    "GPIO_Init"                                    20

Uncalled function
  "DAC_SetChannelConfig" in DAC_UserInterfaceClass.o [10]: 0x801'2f35

  Maximum call chain                                4  bytes

    "DAC_SetChannelConfig" in DAC_UserInterfaceClass.o [10]
                                                    4

Uncalled function
  "DAC_SetUserChannelValue" in DAC_UserInterfaceClass.o [10]: 0x801'2f4d

  Maximum call chain                                4  bytes

    "DAC_SetUserChannelValue" in DAC_UserInterfaceClass.o [10]
                                                    4

Uncalled function
  "DownloadSupTask": 0x800'c4fd

  Maximum call chain                                0  bytes

    "DownloadSupTask"                               0

Uncalled function
  "FlashEraseScratch": 0x800'c56d

  Maximum call chain                               64  bytes

    "FlashEraseScratch"                            32
    "FLASH_ErasePage"                              16
    "FLASH_WaitForLastOperation"                   16
    "FLASH_GetBank1Status"                          0

Uncalled function
  "FlashWriteScratch32": 0x800'c525

  Maximum call chain                               56  bytes

    "FlashWriteScratch32"                          16
    "FLASH_ProgramWord"                            24
    "FLASH_WaitForLastOperation"                   16
    "FLASH_GetBank1Status"                          0

Uncalled function
  "SpiritTx": 0x800'74e5

  Maximum call chain                            *?* 576  bytes
    (** call graph contains recursive functions (example: "AssertSpiritState")
                            indirect calls (example: "HandleTick" in TimersSource.o [3]) **)

    "SpiritTx"                                       32
    "PollSpirit" in JL_SpiritDriver.o [5]            24
    "RunTxStateMachine"                              16
    "BeginHoldoff" in SpiritTx.o [5]                 16
    "AssertSpiritState"                              32
    "GoToReady" in JL_SpiritDriver.o [5]             16
    "WaitForSpiritState" in JL_SpiritDriver.o [5]
                                                     24
    "SpiReadRegisters"                               64
    "SpiritSpiError"                                 16
    "SpiritInitSingleOld" in JL_SpiritDriver.o [5]
                                                     24
    "SetSpiritFrequency"                              0

Uncalled function
  "EMPTY_TASK": 0x800'7f09

  Maximum call chain                                0  bytes

    "EMPTY_TASK"                                    0

Uncalled function
  "SysMonitorTask": 0x800'8425

  Maximum call chain                            *?* 80  bytes
    (** call graph contains indirect calls (example: "TSNS_GetAvTemp_C") **)

    "SysMonitorTask"                                32
    "OCL_GetStatus"                                 16
    "MotorStartPropulsion"                           8
    "MCI_StartMotor"                                16
    "STM_NextState"                                  8

Uncalled function
  "SaveTimingAdjTask": 0x800'8ddb

  Maximum call chain                              112  bytes

    "SaveTimingAdjTask"                            24
    "FlashConfigUpdate"                            48
    "FLASH_ProgramWord"                            24
    "FLASH_WaitForLastOperation"                   16
    "FLASH_GetBank1Status"                          0

Uncalled function
  "TimingStopMotorTask": 0x800'8d69

  Maximum call chain                               32  bytes

    "TimingStopMotorTask"                           8
    "MCI_StartMotor"                               16
    "STM_NextState"                                 8

Uncalled function
  "TimingStopRPMTask": 0x800'8d83

  Maximum call chain                               32  bytes

    "TimingStopRPMTask"                             8
    "MyStopMotor"                                   8
    "MCI_StopMotor"                                 8
    "STM_NextState"                                 8

Uncalled function
  "BrakeHandler" in motor_braking.o [1]: 0x800'cb15

  Maximum call chain                               84  bytes

    "BrakeHandler" in motor_braking.o [1]           8
    "BrakeRpmHandler" in motor_braking.o [1]       40
    "BrakeRpm" in motor_braking.o [1]              24
    "TIM_CCxNCmd"                                  12

Uncalled function
  "MeasureEncoderRpm" in motor_braking.o [1]: 0x800'ca19

  Maximum call chain                               72  bytes

    "MeasureEncoderRpm" in motor_braking.o [1]     48
    "MagRead16"                                    24
    "GPIO_ResetBits"                                0

Uncalled function
  "HandleQueue" in new_beep.o [1]: 0x800'dcb9

  Maximum call chain                            *?* 108  bytes
    (** call graph contains indirect calls (example: "HandleTick" in TimersSource.o [3]) **)

    "HandleQueue" in new_beep.o [1]                  16
    "InitBeep" in new_beep.o [1]                     72
    "GPIO_Init"                                      20

Uncalled function
  "AppModeHandleTask": 0x800'316b

  Maximum call chain                                4  bytes

    "AppModeHandleTask"                             4

Uncalled function
  "CM2SupervisorTask": 0x800'3821

  Maximum call chain                               40  bytes

    "CM2SupervisorTask"                             8
    "MotorStartPropulsion"                          8
    "MCI_StartMotor"                               16
    "STM_NextState"                                 8

Uncalled function
  "EXTI9_5_IRQHandler": 0x800'4563

  Maximum call chain                            *?* 448  bytes
    (** call graph contains recursive functions (example: "AssertSpiritState") **)

    "EXTI9_5_IRQHandler"                              8
    "HandleSpiritInterrupt"                          16
    "AttemptTxToRxTransition"                        16
    "SpiCommandStrobe"                               56
    "SpiritSpiError"                                 16
    "SpiritInitSingleOld" in JL_SpiritDriver.o [5]
                                                     24
    "SetSpiritFrequency"                              0

Uncalled function
  "HandlePlcAcking": 0x800'3367

  Maximum call chain                            *?* 144  bytes
    (** call graph contains recursive functions (example: "RoutePacket")
                            indirect calls (example: "RoutePacket") **)

    "HandlePlcAcking"                                24
    "RoutePacket"                                     0

Uncalled function
  "PacketRX": 0x800'3db9

  Maximum call chain                            *?* 608  bytes
    (** call graph contains recursive functions (example: "RoutePacket")
                            indirect calls (example: "RoutePacket") **)

    "PacketRX"                                       32
    "AppTestProcessSpecial"                          40
    "SetSpiritMode"                                  16
    "SpiritSetCwTx" in JL_SpiritDriver.o [5]         32
    "AssertSpiritState"                              32
    "GoToReady" in JL_SpiritDriver.o [5]             16
    "WaitForSpiritState" in JL_SpiritDriver.o [5]
                                                     24
    "SpiReadRegisters"                               64
    "SpiritSpiError"                                 16
    "SpiritInitSingleOld" in JL_SpiritDriver.o [5]
                                                     24
    "SetSpiritFrequency"                              0

Uncalled function
  "BusFault_Handler": 0x801'42db

  Maximum call chain                                0  bytes

    "BusFault_Handler"                              0

Uncalled function
  "DebugMon_Handler": 0x801'42e1

  Maximum call chain                                0  bytes

    "DebugMon_Handler"                              0

Uncalled function
  "HardFault_Handler": 0x801'42d7

  Maximum call chain                                0  bytes

    "HardFault_Handler"                             0

Uncalled function
  "MemManage_Handler": 0x801'42d9

  Maximum call chain                                0  bytes

    "MemManage_Handler"                             0

Uncalled function
  "NMI_Handler": 0x801'42d5

  Maximum call chain                                0  bytes

    "NMI_Handler"                                   0

Uncalled function
  "PendSV_Handler": 0x801'42e3

  Maximum call chain                                0  bytes

    "PendSV_Handler"                                0

Uncalled function
  "SVC_Handler": 0x801'42df

  Maximum call chain                                0  bytes

    "SVC_Handler"                                   0

Uncalled function
  "SysTick_Handler": 0x801'42e5

  Maximum call chain                            *?* 128  bytes
    (** call graph contains indirect calls (example: "PWMC_SwitchOffPWM") **)

    "SysTick_Handler"                                16
    "TB_Scheduler"                                    8
    "MC_Scheduler"                                    8
    "TSK_MediumFrequencyTaskM1" in MCTasks.o [4]
                                                     40
    "FOC_CalcCurrRef" in MCTasks.o [4]               24
    "STC_CalcTorqueReference"                        16
    "PI_Controller"                                  16

Uncalled function
  "UsageFault_Handler": 0x801'42dd

  Maximum call chain                                0  bytes

    "UsageFault_Handler"                            0

Uncalled function
  "ADC1_2_IRQHandler": 0x801'4715

  Maximum call chain                            *?* 208  bytes
    (** call graph contains indirect calls (example: "PWMC_GetPhaseCurrents") **)

    "ADC1_2_IRQHandler"                               8
    "TSK_HighFrequencyTask"                          32
    "FOC_CurrController" in MCTasks.o [4]            80
    "UI_GetReg"                                      72
    "UI_GetDAC"                                      16

Uncalled function
  "TIM1_UP_IRQHandler": 0x801'4747

  Maximum call chain                            *?* 8  bytes
    (** call graph contains indirect calls (example: "Exec_IRQ_Handler") **)

    "TIM1_UP_IRQHandler"                            8
    "Exec_IRQ_Handler"                              0

Uncalled function
  "TIM3_IRQHandler": 0x801'475b

  Maximum call chain                            *?* 8  bytes
[...]
headerFail              0x2000'3468    0x4  Data  Lc  CM2CoreTypesSource.o [2]
hist                    0x2000'3044   0x40  Data  Lc  spiritInterface.o [1]
holdoffTimeouts         0x2000'364c    0x2  Data  Lc  SpiritTx.o [5]
hundredMillisecondTimer
                        0x2000'36c9    0x1  Data  Gb  stm32f10x_it.o [1]
i                       0x2000'3690    0x1  Data  Lc  JL_SpiritDriver.o [5]
i_result                0x2000'3584    0x4  Data  Lc  motor_braking.o [1]
idleTimeout             0x2000'3673    0x1  Data  Lc  CM2CoreSource.o [2]
index1                  0x2000'3618    0x2  Data  Gb  MCTasks.o [4]
inputBuffer             0x2000'3354   0x10  Data  Lc  CM2RoutingSource.o [2]
internalPort            0x2000'2f5c   0x54  Data  Lc  CM2CoreSource.o [2]
interruptCount          0x2000'34d4    0x4  Data  Lc  JL_SpiritDriver.o [5]
invalidPacket           0x2000'348c    0x4  Data  Lc  CM2PairingTableModeSource.o [2]
isInitialized           0x2000'3675    0x1  Data  Lc  CM2CoreSource.o [2]
is_download_good        0x2000'369f    0x1  Data  Lc  main.o [1]
keyChanged              0x2000'3685    0x1  Data  Gb  driverButtonPsuedo.o [1]
keyTable                0x2000'0384   0x20  Data  Lc  CM2SecuritySource.o [2]
lastMAC                 0x2000'35dc    0x2  Data  Lc  CM2RangeTestSource.o [2]
lastPacketRelHome       0x2000'08ae    0x2  Data  Lc  spiritInterface.o [1]
lastPacketSent          0x2000'3681    0x1  Data  Lc  CM2RoutingSource.o [2]
lastPropulsionRampSet   0x2000'3430    0x4  Data  Gb  appMotorRamp.o [1]
lastStateChange         0x2000'3474    0x4  Data  Lc  CM2FirmwareUpdateSource.o [2]
lastTxTick              0x2000'34b0    0x4  Data  Lc  CM2RoutingSource.o [2]
lastUpdatePacket        0x2000'3470    0x4  Data  Lc  CM2FirmwareUpdateSource.o [2]
lastUpdatePacketStatus  0x2000'3677    0x1  Data  Lc  CM2FirmwareUpdateSource.o [2]
ledTimer                0x2000'3652    0x2  Data  Gb  stm32f10x_it.o [1]
ledToggle               0x2000'36c7    0x1  Data  Gb  stm32f10x_it.o [1]
len                     0x2000'368f    0x1  Data  Lc  JL_SpiritDriver.o [5]
lenFail                 0x2000'3494    0x4  Data  Lc  CM2PortsSource.o [2]
length                  0x2000'367e    0x1  Data  Lc  CM2PortsSource.o [2]
lfsr                    0x2000'0000    0x8  Data  Lc  RandomSource.o [3]
locked                  0x2000'08bd    0x1  Data  Lc  TimersSource.o [3]
lostPackets             0x2000'35da    0x2  Data  Lc  CM2RangeTestSource.o [2]
macFail                 0x2000'346c    0x4  Data  Lc  CM2CoreTypesSource.o [2]
macForPendingAck        0x2000'35d6    0x2  Data  Lc  CM2CoreSource.o [2]
magRegister27h          0x2000'35f0    0x2  Data  Gb  driverMagSensor.o [1]
magRegisters            0x2000'3308   0x14  Data  Gb  driverMagSensor.o [1]
main                     0x800'80e1  0x344  Code  Gb  main.o [1]
mask                    0x2000'34d0    0x4  Data  Lc  JL_SpiritDriver.o [5]
maxHoldoffTimeout       0x2000'36bf    0x1  Data  Lc  SpiritTx.o [5]
memcpy                   0x800'9eb9    0xc  Code  Gb  memcpy.o [14]
memset                   0x800'c2b5   0x14  Code  Gb  memset.o [14]
minDelay                0x2000'367f    0x1  Data  Lc  CM2RangeTestSource.o [2]
motorCurrentFaults      0x2000'35f8    0x2  Data  Gb  main.o [1]
motorLibState           0x2000'3697    0x1  Data  Gb  main.o [1]
motorOccurredFaults     0x2000'35f6    0x2  Data  Gb  main.o [1]
motorOn                 0x2000'3694    0x1  Data  Gb  main.o [1]
motorStartFailureCount  0x2000'3695    0x1  Data  Gb  main.o [1]
motorStopFailureCount   0x2000'3696    0x1  Data  Gb  main.o [1]
motorTemp               0x2000'35fc    0x2  Data  Gb  main.o [1]
msPerTick               0x2000'08be    0x1  Data  Lc  TimersSource.o [3]
msSinceStart            0x2000'35a0    0x4  Data  Lc  TimersSource.o [3]
msec                    0x2000'36c3    0x1  Data  Gb  stm32f10x_it.o [1]
myDeviceType            0x2000'366f    0x1  Data  Lc  CM2CoreSource.o [2]
myDeviceType            0x2000'367b    0x1  Data  Lc  CM2PairingTableModeSource.o [2]
myID                    0x2000'347c    0x4  Data  Lc  CM2PairingTableModeSource.o [2]
myangle                 0x2000'360e    0x2  Data  Gb  MCTasks.o [4]
myflashConfigSection     0x800'1c00  0x400  Data  Wk  main.o [1]
myposcmd                0x2000'3538    0x4  Data  Gb  MCTasks.o [4]
myposition              0x2000'3534    0x4  Data  Gb  MCTasks.o [4]
myspeed                 0x2000'3626    0x2  Data  Gb  MCTasks.o [4]
myspeedcmd              0x2000'088e    0x2  Data  Gb  MCTasks.o [4]
mytest                  0x2000'3687    0x1  Data  Gb  driverFlash.o [1]
mytorquecmd             0x2000'088c    0x2  Data  Gb  MCTasks.o [4]
nack                    0x2000'01c4   0x94  Data  Lc  CM2CoreSource.o [2]
newFirmwareTimer        0x2000'35ec    0x2  Data  Gb  driverFlash.o [1]
newImage                0x2000'318c   0x28  Data  Gb  main.o [1]
newRamp                 0x2000'3663    0x1  Data  Gb  appMotorRamp.o [1]
newangle1               0x2000'360a    0x2  Data  Gb  MCTasks.o [4]
newangle2               0x2000'360c    0x2  Data  Gb  MCTasks.o [4]
nominalBusd             0x2000'362a    0x2  Data  Lc  MCTasks.o [4]
notPaired               0x2000'3484    0x4  Data  Lc  CM2PairingTableModeSource.o [2]
numPaired               0x2000'3679    0x1  Data  Lc  CM2PairingTableModeSource.o [2]
numToSend               0x2000'087e    0x2  Data  Lc  CM2RangeTestSource.o [2]
oBusSensor              0x2000'3558    0x4  Data  Gb  MCTasks.o [4]
oCLM                    0x2000'356c    0x4  Data  Gb  MCTasks.o [4]
oCurrSensor             0x2000'3560    0x4  Data  Gb  MCTasks.o [4]
oDAC                    0x2000'35b4    0x4  Data  Gb  UITask.o [1]
oFCP                    0x2000'35ac    0x4  Data  Gb  UITask.o [1]
oMCI                    0x2000'34e8    0x4  Data  Gb  main.o [1]
oMCInterface            0x2000'353c    0x4  Data  Gb  MCTasks.o [4]
oMCP                    0x2000'35b0    0x4  Data  Gb  UITask.o [1]
oMCT                    0x2000'34ec    0x4  Data  Gb  main.o [1]
oMCTuning               0x2000'3540    0x4  Data  Gb  MCTasks.o [4]
oMPM                    0x2000'3568    0x4  Data  Gb  MCTasks.o [4]
oPIDId                  0x2000'3554    0x4  Data  Gb  MCTasks.o [4]
oPIDIq                  0x2000'3550    0x4  Data  Gb  MCTasks.o [4]
oPIDSpeed               0x2000'354c    0x4  Data  Gb  MCTasks.o [4]
oREMNG                  0x2000'3574    0x4  Data  Gb  MCTasks.o [4]
oSTC                    0x2000'3548    0x4  Data  Gb  MCTasks.o [4]
oSTM                    0x2000'3544    0x4  Data  Gb  MCTasks.o [4]
oSpeedSensor            0x2000'3564    0x4  Data  Gb  MCTasks.o [4]
oSpeedSensorAux_M1      0x2000'3570    0x4  Data  Gb  MCTasks.o [4]
oTemperatureSensor      0x2000'355c    0x4  Data  Gb  MCTasks.o [4]
oUI_IRQTable            0x2000'35a4    0x4  Data  Gb  UIIRQHandlerClass.o [10]
oUSART                  0x2000'35a8    0x4  Data  Gb  UITask.o [1]
ocl_cntr                0x2000'36a1    0x1  Data  Lc  main.o [1]
ocl_reset_time          0x2000'34f0    0x4  Data  Lc  main.o [1]
old_obs_ele_pll_angle   0x2000'3620    0x2  Data  Gb  MCTasks.o [4]
oldmyangle              0x2000'361c    0x2  Data  Gb  MCTasks.o [4]
oldnewangle1            0x2000'361e    0x2  Data  Gb  MCTasks.o [4]
oldrawangle             0x2000'361a    0x2  Data  Gb  MCTasks.o [4]
oldspeedangle           0x2000'3624    0x2  Data  Gb  MCTasks.o [4]
opMode                  0x2000'08ac    0x2  Data  Gb  spiritInterface.o [1]
opModeSetBy             0x2000'08bb    0x1  Data  Gb  spiritInterface.o [1]
opModeTimer             0x2000'08aa    0x2  Data  Gb  spiritInterface.o [1]
opTest                  0x2000'3344   0x10  Data  Gb  appTestSupport.o [1]
ovthd                   0x2000'0890    0x2  Data  Lc  MCTasks.o [4]
pSgma                   0x2000'0864   0x18  Data  Lc  STO_SpeednPosFdbkClass.o [11]
p_result                0x2000'3580    0x4  Data  Lc  motor_braking.o [1]
pa4Toggle               0x2000'36ca    0x1  Data  Gb  stm32f10x_it.o [1]
packetQueueFail         0x2000'34a8    0x4  Data  Lc  CM2PortsSource.o [2]
packetQueued            0x2000'34a4    0x4  Data  Lc  CM2PortsSource.o [2]
packetTemp              0x2000'2bc4   0x94  Data  Lc  CM2RoutingSource.o [2]
pairingMode             0x2000'367a    0x1  Data  Lc  CM2PairingTableModeSource.o [2]
pairingTable            0x2000'3478    0x4  Data  Lc  CM2PairingTableModeSource.o [2]
pairingTableLen         0x2000'3678    0x1  Data  Lc  CM2PairingTableModeSource.o [2]
paramFail               0x2000'3464    0x4  Data  Lc  CM2CoreTypesSource.o [2]
payloadLen              0x2000'36be    0x1  Data  Lc  SpiritTx.o [5]
periodicTimer           0x2000'36c8    0x1  Data  Gb  stm32f10x_it.o [1]
pid_result              0x2000'04b8    0x4  Data  Lc  motor_braking.o [1]
pingCount               0x2000'087c    0x2  Data  Lc  CM2RangeTestSource.o [2]
pingPacket              0x2000'02f0   0x94  Data  Lc  CM2RangeTestSource.o [2]
pktResp                 0x2000'009c   0x94  Data  Lc  CM2CoreSource.o [2]
plc                     0x2000'2fb0   0x54  Data  Lc  spiritInterface.o [1]
pll_speed               0x2000'3628    0x2  Data  Gb  MCTasks.o [4]
ports                   0x2000'33c0    0xc  Data  Lc  CM2PortsSource.o [2]
posgain                 0x2000'08b4    0x1  Data  Gb  MCTasks.o [4]
powerUpAdjust           0x2000'36a0    0x1  Data  Gb  main.o [1]
prevCommandedState      0x2000'368d    0x1  Data  Lc  JL_SpiritDriver.o [5]
prevValueRead           0x2000'35f4    0x2  Data  Gb  driverMagSensor.o [1]
prev_rpm                0x2000'35fe    0x2  Data  Lc  main.o [1]
productionChecked       0x2000'3666    0x1  Data  Lc  appProductionInfo.o [1]
productionVerified      0x2000'3665    0x1  Data  Lc  appProductionInfo.o [1]
promiscuousMode         0x2000'367c    0x1  Data  Lc  CM2PairingTableModeSource.o [2]
propulsionRampOn        0x2000'3662    0x1  Data  Gb  appMotorRamp.o [1]
rampExtMngrHFParamsM1    0x800'aad2    0x2  Data  Gb  MCTasks.o [4]
ranOutOfTimeouts        0x2000'36cf    0x1  Data  Lc  TimersSource.o [3]
ranOutOfTimers          0x2000'36ce    0x1  Data  Lc  TimersSource.o [3]
rawangle                0x2000'3610    0x2  Data  Gb  MCTasks.o [4]
ready_to_beep           0x2000'36b3    0x1  Data  Lc  new_beep.o [1]
reconstructed           0x2000'2a08   0x94  Data  Lc  CM2CoreSource.o [2]
replyPacket             0x2000'071c   0x94  Data  Lc  spiritInterface.o [1]
requestID               0x2000'0560   0x94  Data  Lc  spiritInterface.o [1]
retryDataBuffer         0x2000'19d0  0x4a0  Data  Lc  CM2RoutingSource.o [2]
returnedToRxInISR       0x2000'36c1    0x1  Data  Lc  SpiritTx.o [5]
rpm_integral            0x2000'357c    0x4  Data  Lc  motor_braking.o [1]
runRPMMotorTimer        0x2000'3606    0x2  Data  Gb  MCTasks.o [4]
s_fwVer                  0x801'4e98   0x20  Data  Gb  main.o [1]
schedByte               0x2000'34d8    0x4  Data  Gb  main.o [1]
schedCount              0x2000'3692    0x1  Data  Gb  main.o [1]
schedDone               0x2000'3693    0x1  Data  Gb  main.o [1]
secondTimer             0x2000'3654    0x2  Data  Gb  stm32f10x_it.o [1]
spdgain                 0x2000'08b3    0x1  Data  Gb  MCTasks.o [4]
spdlim                  0x2000'0886    0x2  Data  Gb  MCTasks.o [4]
speedangle              0x2000'3622    0x2  Data  Gb  MCTasks.o [4]
spiCritical             0x2000'36b7    0x1  Data  Lc  SDK_EVAL_Spirit_Spi_Driver.o [1]
spiTimeout              0x2000'36b8    0x1  Data  Gb  SDK_EVAL_Spirit_Spi_Driver.o [1]
spiWDOG                 0x2000'3644    0x2  Data  Gb  SDK_EVAL_Spirit_Spi_Driver.o [1]
spiritInterfaceTimer    0x2000'36c4    0x1  Data  Gb  stm32f10x_it.o [1]
spiritNotForMe          0x2000'3488    0x4  Data  Lc  CM2PairingTableModeSource.o [2]
spiritRegs              0x2000'03a8  0x100  Data  Lc  JL_SpiritDriver.o [5]
spiritSupTimer          0x2000'364e    0x2  Data  Gb  stm32f10x_it.o [1]
spiritSupTimer_expire_count
                        0x2000'3650    0x2  Data  Gb  stm32f10x_it.o [1]
spiritWdog              0x2000'36c2    0x1  Data  Gb  stm32f10x_it.o [1]
spirit_init             0x2000'369d    0x1  Data  Lc  main.o [1]
startTimeout            0x2000'36c0    0x1  Data  Lc  SpiritTx.o [5]
startTorqueMotor        0x2000'36a8    0x1  Data  Gb  MCTasks.o [4]
start_dcnq              0x2000'35c0    0x2  Data  Gb  appMotorRamp.o [1]
startingState           0x2000'368c    0x1  Data  Lc  JL_SpiritDriver.o [5]
statusPacket            0x2000'07b0   0x94  Data  Lc  spiritInterface.o [1]
statusTable             0x2000'0844    0x4  Data  Lc  spiritInterface.o [1]
steerConfigTable        0x2000'3330   0x14  Data  Gb  spiritInterface.o [1]
steeringMode            0x2000'36bc    0x1  Data  Lc  spiritInterface.o [1]
stopMotorTimer          0x2000'3604    0x2  Data  Gb  MCTasks.o [4]
stowed                  0x2000'08b9    0x1  Data  Lc  spiritInterface.o [1]
syncCount               0x2000'34cc    0x4  Data  Lc  JL_SpiritDriver.o [5]
tableContents           0x2000'0534   0x28  Data  Gb  spiritInterface.o [1]
tablex40                0x2000'3240   0x20  Data  Gb  config.o [1]
tablex41                0x2000'3220   0x20  Data  Gb  config.o [1]
targetSpeedRPM          0x2000'3424    0x4  Data  Gb  appMotorRamp.o [1]
temp                    0x2000'367d    0x1  Data  Lc  CM2PortsSource.o [2]
tempData                0x2000'2dd8   0x64  Data  Gb  spiritInterface.o [1]
tempPort                0x2000'34bc    0x4  Data  Lc  CM2RoutingSource.o [2]
tempRegValue            0x2000'34c8    0x4  Data  Lc  JL_SpiritDriver.o [5]
tempRegValue            0x2000'364a    0x2  Data  Lc  SpiritTx.o [5]
tempTargetSpeedRPM      0x2000'3428    0x4  Data  Gb  appMotorRamp.o [1]
tempValueSpeedRPM       0x2000'3420    0x4  Data  Gb  appMotorRamp.o [1]
test                    0x2000'368a    0x1  Data  Gb  driverMagSensor.o [1]
test1                   0x2000'3530    0x4  Data  Gb  MCTasks.o [4]
testCWTimer             0x2000'366d    0x1  Data  Gb  appTestSupport.o [1]
testDupMACs             0x2000'32f4   0x14  Data  Gb  appTestSupport.o [1]
testDupOffset           0x2000'3668    0x1  Data  Gb  appTestSupport.o [1]
testDupTimers           0x2000'33b4    0xc  Data  Gb  appTestSupport.o [1]
testMsTimer             0x2000'35c6    0x2  Data  Gb  appTestSupport.o [1]
testPingMasterCount     0x2000'35cc    0x2  Data  Gb  appTestSupport.o [1]
testPingMasterDestType  0x2000'366b    0x1  Data  Gb  appTestSupport.o [1]
testPingMasterGoodAck   0x2000'35ca    0x2  Data  Gb  appTestSupport.o [1]
testPingMasterID        0x2000'3434    0x4  Data  Gb  appTestSupport.o [1]
testPingMasterInterval  0x2000'366c    0x1  Data  Gb  appTestSupport.o [1]
testPingMasterMACOffset
                        0x2000'35d0    0x2  Data  Gb  appTestSupport.o [1]
testPingMasterMACQueue  0x2000'3408    0x8  Data  Gb  appTestSupport.o [1]
testPingMasterOffset    0x2000'35c8    0x2  Data  Gb  appTestSupport.o [1]
testPingMasterOffsetSent
                        0x2000'35ce    0x2  Data  Gb  appTestSupport.o [1]
testPingTimer           0x2000'3669    0x1  Data  Gb  appTestSupport.o [1]
testSpeedRPM            0x2000'35c4    0x2  Data  Gb  appMotorRamp.o [1]
testSpiritMainMini       0x800'32cd   0x9a  Code  Gb  spiritInterface.o [1]
testSpiritTimer         0x2000'366a    0x1  Data  Gb  appTestSupport.o [1]
testState               0x2000'366e    0x1  Data  Gb  appTestSupport.o [1]
test_blocking           0x2000'369b    0x1  Data  Lc  main.o [1]
test_new_beep           0x2000'3699    0x1  Data  Lc  main.o [1]
test_notes_timing       0x2000'0500   0x34  Data  Lc  new_beep.o [1]
test_ocl_reset          0x2000'369c    0x1  Data  Lc  main.o [1]
test_slide_duration     0x2000'04e0    0x4  Data  Lc  new_beep.o [1]
test_slider_end         0x2000'08a4    0x2  Data  Lc  new_beep.o [1]
test_slider_start       0x2000'08a2    0x2  Data  Lc  new_beep.o [1]
test_song_notes         0x2000'04e4   0x1c  Data  Lc  new_beep.o [1]
test_tone               0x2000'08a0    0x2  Data  Lc  new_beep.o [1]
test_tone_duration      0x2000'04dc    0x4  Data  Lc  new_beep.o [1]
test_tune               0x2000'369a    0x1  Data  Lc  main.o [1]
testoffset              0x2000'3612    0x2  Data  Gb  MCTasks.o [4]
threadList              0x2000'27d8   0xc0  Data  Gb  ThreadingSource.o [3]
tickAtThreadStart       0x2000'359c    0x4  Data  Lc  ThreadingSource.o [3]
timeoutList             0x2000'2898   0xc0  Data  Lc  TimersSource.o [3]
timerBusVChange         0x2000'35ea    0x2  Data  Gb  driverButtonPsuedo.o [1]
timerBusVNoChange       0x2000'35e8    0x2  Data  Gb  driverButtonPsuedo.o [1]
timerList               0x2000'23ec  0x100  Data  Lc  TimersSource.o [3]
timerQueue              0x2000'3164   0x28  Data  Gb  driverMagSensor.o [1]
timerQueueOffset        0x2000'3689    0x1  Data  Gb  driverMagSensor.o [1]
timerSupMonitor         0x2000'36c6    0x1  Data  Gb  stm32f10x_it.o [1]
timerSysMonitor         0x2000'36c5    0x1  Data  Gb  stm32f10x_it.o [1]
timing_adj              0x2000'3602    0x2  Data  Gb  MCTasks.o [4]
toneQueue               0x2000'2e9c   0x60  Data  Gb  new_beep.o [1]
totalStarted            0x2000'349c    0x4  Data  Lc  CM2PortsSource.o [2]
totalcurrent            0x2000'35bc    0x4  Data  Gb  MC_Math.o [11]
tqlim                   0x2000'0888    0x2  Data  Gb  MCTasks.o [4]
turnMotorOff            0x2000'3664    0x1  Data  Gb  appMotorRamp.o [1]
txFailedToFinish        0x2000'35d8    0x2  Data  Lc  CM2PortsSource.o [2]
txFailedToStart         0x2000'35de    0x2  Data  Lc  CM2RoutingSource.o [2]
txPayload               0x2000'2efc   0x60  Data  Lc  SpiritTx.o [5]
unflattened             0x2000'2b30   0x94  Data  Lc  CM2PortsSource.o [2]
updateStatus            0x2000'3676    0x1  Data  Lc  CM2FirmwareUpdateSource.o [2]
val                     0x2000'368e    0x1  Data  Lc  JL_SpiritDriver.o [5]
valueRead               0x2000'35f2    0x2  Data  Gb  driverMagSensor.o [1]
valueSpeedRPM           0x2000'3418    0x4  Data  Gb  appMotorRamp.o [1]
vv_abs_enc_rpm_avg      0x2000'363c    0x2  Data  Lc  motor_braking.o [1]
vv_integral_retention   0x2000'04b4    0x4  Data  Lc  motor_braking.o [1]
vv_pwm_freq             0x2000'0898    0x2  Data  Lc  motor_braking.o [1]
vv_pwm_freq_prev        0x2000'089a    0x2  Data  Lc  motor_braking.o [1]
wConfig                 0x2000'04a8    0x4  Data  Gb  main.o [1]
wait_for_user_reset     0x2000'36a2    0x1  Data  Gb  main.o [1]
waitingForAck           0x2000'3672    0x1  Data  Lc  CM2CoreSource.o [2]


[1] = C:\Users\denni\Desktop\fastcal\code\working\Confidential\Project\EWARM\UserProject\STM32100B-EVAL\Obj\Application
[2] = C:\Users\denni\Desktop\fastcal\code\working\Confidential\Project\EWARM\UserProject\STM32100B-EVAL\Obj\CM2Module
[3] = C:\Users\denni\Desktop\fastcal\code\working\Confidential\Project\EWARM\UserProject\STM32100B-EVAL\Obj\CommonModule
[4] = C:\Users\denni\Desktop\fastcal\code\working\Confidential\Project\EWARM\UserProject\STM32100B-EVAL\Obj\Motor control\MC Application\src
[5] = C:\Users\denni\Desktop\fastcal\code\working\Confidential\Project\EWARM\UserProject\STM32100B-EVAL\Obj\SpiritDriver
[6] = C:\Users\denni\Desktop\fastcal\code\working\Confidential\Project\EWARM\UserProject\STM32100B-EVAL\Obj\Std project template\CMSIS
[7] = C:\Users\denni\Desktop\fastcal\code\working\Confidential\Project\EWARM\UserProject\STM32100B-EVAL\Obj\Std project template\EWARMv5
[8] = C:\Users\denni\Desktop\fastcal\code\working\Confidential\Project\EWARM\UserProject\STM32100B-EVAL\Obj\Std project template\STM32_EVAL
[9] = C:\Users\denni\Desktop\fastcal\code\working\Confidential\Project\EWARM\UserProject\STM32100B-EVAL\Obj\Std project template\StdPeriph_Driver
[10] = C:\Users\denni\Desktop\fastcal\code\working\Confidential\Project\EWARM\UserProject\STM32100B-EVAL\Obj\User interface\UI Library\src
[11] = MC_Library_STM32F10x_single_drive.a
[12] = dl7M_tln.a
[13] = m7M_tl.a
[14] = rt7M_tl.a
[15] = shb_l.a

  72'179 bytes of readonly  code memory
   2'291 bytes of readonly  data memory
  16'081 bytes of readwrite data memory (+ 1'024 absolute)

Errors: none
Warnings: 3
